Component: Arm Compiler for Embedded 6.23 Tool: armlink [5f102400]

==============================================================================

Section Cross References

    startup_stm32f103xb.o(RESET) refers to startup_stm32f103xb.o(STACK) for __initial_sp
    startup_stm32f103xb.o(RESET) refers to startup_stm32f103xb.o(.text) for Reset_Handler
    startup_stm32f103xb.o(RESET) refers to stm32f1xx_it.o(.text.NMI_Handler) for NMI_Handler
    startup_stm32f103xb.o(RESET) refers to stm32f1xx_it.o(.text.HardFault_Handler) for HardFault_Handler
    startup_stm32f103xb.o(RESET) refers to stm32f1xx_it.o(.text.MemManage_Handler) for MemManage_Handler
    startup_stm32f103xb.o(RESET) refers to stm32f1xx_it.o(.text.BusFault_Handler) for BusFault_Handler
    startup_stm32f103xb.o(RESET) refers to stm32f1xx_it.o(.text.UsageFault_Handler) for UsageFault_Handler
    startup_stm32f103xb.o(RESET) refers to port.o(.text.SVC_Handler) for SVC_Handler
    startup_stm32f103xb.o(RESET) refers to stm32f1xx_it.o(.text.DebugMon_Handler) for DebugMon_Handler
    startup_stm32f103xb.o(RESET) refers to port.o(.text.PendSV_Handler) for PendSV_Handler
    startup_stm32f103xb.o(RESET) refers to stm32f1xx_it.o(.text.SysTick_Handler) for SysTick_Handler
    startup_stm32f103xb.o(RESET) refers to stm32f1xx_it.o(.text.TIM4_IRQHandler) for TIM4_IRQHandler
    startup_stm32f103xb.o(RESET) refers to stm32f1xx_it.o(.text.USART1_IRQHandler) for USART1_IRQHandler
    startup_stm32f103xb.o(RESET) refers to stm32f1xx_it.o(.text.USART2_IRQHandler) for USART2_IRQHandler
    startup_stm32f103xb.o(.text) refers to system_stm32f1xx.o(.text.SystemInit) for SystemInit
    startup_stm32f103xb.o(.text) refers to entry.o(.ARM.Collect$$$$00000000) for __main
    main.o(.text.main) refers to init.o(.text.System_Init) for System_Init
    main.o(.text.main) refers to tasks.o(.text.vTaskStartScheduler) for vTaskStartScheduler
    main.o(.ARM.exidx.text.main) refers to main.o(.text.main) for [Anonymous Symbol]
    main.o(.ARM.exidx.text.Error_Handler) refers to main.o(.text.Error_Handler) for [Anonymous Symbol]
    init.o(.text.System_Init) refers to stm32f1xx_hal.o(.text.HAL_Init) for HAL_Init
    init.o(.text.System_Init) refers to init.o(.text.SystemClock_Config) for SystemClock_Config
    init.o(.text.System_Init) refers to gpio.o(.text.MX_GPIO_Init) for MX_GPIO_Init
    init.o(.text.System_Init) refers to spi.o(.text.MX_SPI1_Init) for MX_SPI1_Init
    init.o(.text.System_Init) refers to tim.o(.text.MX_TIM2_Init) for MX_TIM2_Init
    init.o(.text.System_Init) refers to usart.o(.text.MX_USART1_UART_Init) for MX_USART1_UART_Init
    init.o(.text.System_Init) refers to usart.o(.text.MX_USART2_UART_Init) for MX_USART2_UART_Init
    init.o(.text.System_Init) refers to usart.o(.text.MX_USART3_UART_Init) for MX_USART3_UART_Init
    init.o(.text.System_Init) refers to iwdg.o(.text.MX_IWDG_Init) for MX_IWDG_Init
    init.o(.text.System_Init) refers to stm32f1xx_hal.o(.text.HAL_Delay) for HAL_Delay
    init.o(.text.System_Init) refers to oled_i2c.o(.text.OLED_Init) for OLED_Init
    init.o(.text.System_Init) refers to servo.o(.text.Servo_Init) for Servo_Init
    init.o(.text.System_Init) refers to init.o(.bss.has608) for has608
    init.o(.text.System_Init) refers to usart.o(.bss.huart3) for huart3
    init.o(.text.System_Init) refers to as608.o(.text.AS608_Init) for AS608_Init
    init.o(.text.System_Init) refers to init.o(.bss.hrc522) for hrc522
    init.o(.text.System_Init) refers to spi.o(.bss.hspi1) for hspi1
    init.o(.text.System_Init) refers to rc522.o(.text.MFRC522_Init) for MFRC522_Init
    init.o(.text.System_Init) refers to queue.o(.text.xQueueCreateMutex) for xQueueCreateMutex
    init.o(.text.System_Init) refers to init.o(.bss.xSemphore_Display_Mutex) for xSemphore_Display_Mutex
    init.o(.text.System_Init) refers to init.o(.bss.doorLockControlTask_handle) for doorLockControlTask_handle
    init.o(.text.System_Init) refers to doorlockcontrol_task.o(.text.vDoorLockControlTask) for vDoorLockControlTask
    init.o(.text.System_Init) refers to init.o(.rodata.str1.1) for .L.str
    init.o(.text.System_Init) refers to tasks.o(.text.xTaskCreate) for xTaskCreate
    init.o(.text.System_Init) refers to init.o(.bss.fingerTask_handle) for fingerTask_handle
    init.o(.text.System_Init) refers to finger_task.o(.text.vFingerTask) for vFingerTask
    init.o(.text.System_Init) refers to init.o(.bss.keypadTask_handle) for keypadTask_handle
    init.o(.text.System_Init) refers to keypad_task.o(.text.vKeypadTask) for vKeypadTask
    init.o(.text.System_Init) refers to init.o(.bss.networkTask_handle) for networkTask_handle
    init.o(.text.System_Init) refers to network_task.o(.text.vNetworkTask) for vNetworkTask
    init.o(.text.System_Init) refers to init.o(.bss.NFCTask_handle) for NFCTask_handle
    init.o(.text.System_Init) refers to nfc_task.o(.text.vNFCTask) for vNFCTask
    init.o(.text.System_Init) refers to init.o(.bss.verifyTask_handle) for verifyTask_handle
[...]
    AT24Cxx_Read                             0x08000ec5   Thumb Code   124  at24cxx.o(.text.AT24Cxx_Read)
    AT24Cxx_ReadByte                         0x08000f41   Thumb Code    74  at24cxx.o(.text.AT24Cxx_ReadByte)
    AT24Cxx_Write                            0x08000f8d   Thumb Code   106  at24cxx.o(.text.AT24Cxx_Write)
    BusFault_Handler                         0x08000ff9   Thumb Code     4  stm32f1xx_it.o(.text.BusFault_Handler)
    Buzzer_Beep                              0x08000ffd   Thumb Code    28  buzzer.o(.text.Buzzer_Beep)
    Buzzer_Off                               0x08001019   Thumb Code    22  buzzer.o(.text.Buzzer_Off)
    Buzzer_On                                0x08001031   Thumb Code    22  buzzer.o(.text.Buzzer_On)
    Buzzer_Toggle                            0x08001049   Thumb Code    20  buzzer.o(.text.Buzzer_Toggle)
    DebugMon_Handler                         0x0800105d   Thumb Code     2  stm32f1xx_it.o(.text.DebugMon_Handler)
    ESP8266_Connect_WiFi                     0x08001061   Thumb Code    54  esp8266.o(.text.ESP8266_Connect_WiFi)
    ESP8266_Init                             0x08001099   Thumb Code   114  esp8266.o(.text.ESP8266_Init)
    ESP8266_RxCallback                       0x0800110d   Thumb Code   164  esp8266.o(.text.ESP8266_RxCallback)
    ESP8266_Send_Command                     0x080011b1   Thumb Code   170  esp8266.o(.text.ESP8266_Send_Command)
    ESP8266_Send_Data                        0x0800125d   Thumb Code    68  esp8266.o(.text.ESP8266_Send_Data)
    Error_Handler                            0x080012a1   Thumb Code    14  main.o(.text.Error_Handler)
    Error_Sound                              0x080012b1   Thumb Code   122  doorlockcontrol.o(.text.Error_Sound)
    HAL_DMA_Abort                            0x0800132d   Thumb Code   124  stm32f1xx_hal_dma.o(.text.HAL_DMA_Abort)
    HAL_DMA_Abort_IT                         0x080013a9   Thumb Code   284  stm32f1xx_hal_dma.o(.text.HAL_DMA_Abort_IT)
    HAL_Delay                                0x080014c5   Thumb Code    66  stm32f1xx_hal.o(.text.HAL_Delay)
    HAL_GPIO_Init                            0x08001509   Thumb Code   798  stm32f1xx_hal_gpio.o(.text.HAL_GPIO_Init)
    HAL_GPIO_ReadPin                         0x08001829   Thumb Code    46  stm32f1xx_hal_gpio.o(.text.HAL_GPIO_ReadPin)
    HAL_GPIO_TogglePin                       0x08001859   Thumb Code    38  stm32f1xx_hal_gpio.o(.text.HAL_GPIO_TogglePin)
    HAL_GPIO_WritePin                        0x08001881   Thumb Code    46  stm32f1xx_hal_gpio.o(.text.HAL_GPIO_WritePin)
    HAL_GetTick                              0x080018b1   Thumb Code    12  stm32f1xx_hal.o(.text.HAL_GetTick)
    HAL_IWDG_Init                            0x080018bd   Thumb Code   144  stm32f1xx_hal_iwdg.o(.text.HAL_IWDG_Init)
    HAL_IWDG_Refresh                         0x0800194d   Thumb Code    20  stm32f1xx_hal_iwdg.o(.text.HAL_IWDG_Refresh)
    HAL_IncTick                              0x08001961   Thumb Code    26  stm32f1xx_hal.o(.text.HAL_IncTick)
    HAL_Init                                 0x0800197d   Thumb Code    38  stm32f1xx_hal.o(.text.HAL_Init)
    HAL_InitTick                             0x080019a5   Thumb Code   240  stm32f1xx_hal_timebase_tim.o(.text.HAL_InitTick)
    HAL_MspInit                              0x08001a95   Thumb Code   100  stm32f1xx_hal_msp.o(.text.HAL_MspInit)
    HAL_NVIC_EnableIRQ                       0x08001af9   Thumb Code    20  stm32f1xx_hal_cortex.o(.text.HAL_NVIC_EnableIRQ)
    HAL_NVIC_SetPriority                     0x08001b0d   Thumb Code    50  stm32f1xx_hal_cortex.o(.text.HAL_NVIC_SetPriority)
    HAL_NVIC_SetPriorityGrouping             0x08001b41   Thumb Code    16  stm32f1xx_hal_cortex.o(.text.HAL_NVIC_SetPriorityGrouping)
    HAL_RCC_ClockConfig                      0x08001b51   Thumb Code   598  stm32f1xx_hal_rcc.o(.text.HAL_RCC_ClockConfig)
    HAL_RCC_GetClockConfig                   0x08001da9   Thumb Code    84  stm32f1xx_hal_rcc.o(.text.HAL_RCC_GetClockConfig)
    HAL_RCC_GetHCLKFreq                      0x08001dfd   Thumb Code    12  stm32f1xx_hal_rcc.o(.text.HAL_RCC_GetHCLKFreq)
    HAL_RCC_GetPCLK1Freq                     0x08001e09   Thumb Code    34  stm32f1xx_hal_rcc.o(.text.HAL_RCC_GetPCLK1Freq)
    HAL_RCC_GetPCLK2Freq                     0x08001e2d   Thumb Code    34  stm32f1xx_hal_rcc.o(.text.HAL_RCC_GetPCLK2Freq)
    HAL_RCC_GetSysClockFreq                  0x08001e51   Thumb Code   188  stm32f1xx_hal_rcc.o(.text.HAL_RCC_GetSysClockFreq)
    HAL_RCC_OscConfig                        0x08001f0d   Thumb Code  1658  stm32f1xx_hal_rcc.o(.text.HAL_RCC_OscConfig)
    HAL_SPI_Init                             0x08002589   Thumb Code   250  stm32f1xx_hal_spi.o(.text.HAL_SPI_Init)
    HAL_SPI_MspInit                          0x08002685   Thumb Code   148  spi.o(.text.HAL_SPI_MspInit)
    HAL_SPI_TransmitReceive                  0x08002719   Thumb Code   930  stm32f1xx_hal_spi.o(.text.HAL_SPI_TransmitReceive)
    HAL_TIMEx_BreakCallback                  0x08002abd   Thumb Code     8  stm32f1xx_hal_tim_ex.o(.text.HAL_TIMEx_BreakCallback)
    HAL_TIMEx_CommutCallback                 0x08002ac5   Thumb Code     8  stm32f1xx_hal_tim_ex.o(.text.HAL_TIMEx_CommutCallback)
    HAL_TIMEx_MasterConfigSynchronization    0x08002acd   Thumb Code   220  stm32f1xx_hal_tim_ex.o(.text.HAL_TIMEx_MasterConfigSynchronization)
    HAL_TIM_Base_Init                        0x08002ba9   Thumb Code   156  stm32f1xx_hal_tim.o(.text.HAL_TIM_Base_Init)
    HAL_TIM_Base_MspInit                     0x08002c45   Thumb Code    52  tim.o(.text.HAL_TIM_Base_MspInit)
    HAL_TIM_Base_Start_IT                    0x08002c79   Thumb Code   176  stm32f1xx_hal_tim.o(.text.HAL_TIM_Base_Start_IT)
    HAL_TIM_ConfigClockSource                0x08002d29   Thumb Code   388  stm32f1xx_hal_tim.o(.text.HAL_TIM_ConfigClockSource)
    HAL_TIM_IC_CaptureCallback               0x08002ead   Thumb Code     8  stm32f1xx_hal_tim.o(.text.HAL_TIM_IC_CaptureCallback)
    HAL_TIM_IRQHandler                       0x08002eb5   Thumb Code   538  stm32f1xx_hal_tim.o(.text.HAL_TIM_IRQHandler)
    HAL_TIM_MspPostInit                      0x080030d1   Thumb Code   132  tim.o(.text.HAL_TIM_MspPostInit)
    HAL_TIM_OC_DelayElapsedCallback          0x08003155   Thumb Code     8  stm32f1xx_hal_tim.o(.text.HAL_TIM_OC_DelayElapsedCallback)
    HAL_TIM_PWM_ConfigChannel                0x0800315d   Thumb Code   322  stm32f1xx_hal_tim.o(.text.HAL_TIM_PWM_ConfigChannel)
    HAL_TIM_PWM_Init                         0x080032a1   Thumb Code   156  stm32f1xx_hal_tim.o(.text.HAL_TIM_PWM_Init)
    HAL_TIM_PWM_MspInit                      0x0800333d   Thumb Code     8  stm32f1xx_hal_tim.o(.text.HAL_TIM_PWM_MspInit)
    HAL_TIM_PWM_PulseFinishedCallback        0x08003345   Thumb Code     8  stm32f1xx_hal_tim.o(.text.HAL_TIM_PWM_PulseFinishedCallback)
    HAL_TIM_PWM_Start                        0x0800334d   Thumb Code   352  stm32f1xx_hal_tim.o(.text.HAL_TIM_PWM_Start)
    HAL_TIM_PeriodElapsedCallback            0x080034ad   Thumb Code    34  tim.o(.text.HAL_TIM_PeriodElapsedCallback)
    HAL_TIM_TriggerCallback                  0x080034d1   Thumb Code     8  stm32f1xx_hal_tim.o(.text.HAL_TIM_TriggerCallback)
    HAL_UARTEx_ReceiveToIdle                 0x080034d9   Thumb Code   448  stm32f1xx_hal_uart.o(.text.HAL_UARTEx_ReceiveToIdle)
    HAL_UARTEx_RxEventCallback               0x08003699   Thumb Code    12  stm32f1xx_hal_uart.o(.text.HAL_UARTEx_RxEventCallback)
    HAL_UART_ErrorCallback                   0x080036a5   Thumb Code     8  stm32f1xx_hal_uart.o(.text.HAL_UART_ErrorCallback)
    HAL_UART_IRQHandler                      0x080036ad   Thumb Code  1066  stm32f1xx_hal_uart.o(.text.HAL_UART_IRQHandler)
    HAL_UART_Init                            0x08003ad9   Thumb Code   158  stm32f1xx_hal_uart.o(.text.HAL_UART_Init)
    HAL_UART_MspInit                         0x08003b79   Thumb Code   456  usart.o(.text.HAL_UART_MspInit)
    HAL_UART_Receive_IT                      0x08003d41   Thumb Code    86  stm32f1xx_hal_uart.o(.text.HAL_UART_Receive_IT)
    HAL_UART_RxCpltCallback                  0x08003d99   Thumb Code    82  usart.o(.text.HAL_UART_RxCpltCallback)
    HAL_UART_Transmit                        0x08003ded   Thumb Code   304  stm32f1xx_hal_uart.o(.text.HAL_UART_Transmit)
    HAL_UART_TxCpltCallback                  0x08003f1d   Thumb Code     8  stm32f1xx_hal_uart.o(.text.HAL_UART_TxCpltCallback)
    HardFault_Handler                        0x08003f25   Thumb Code    70  stm32f1xx_it.o(.text.HardFault_Handler)
    Keypad_Scan                              0x08004009   Thumb Code   466  keypad.o(.text.Keypad_Scan)
    LED_Toggle                               0x080041dd   Thumb Code    20  led.o(.text.LED_Toggle)
    Lock_Door                                0x080041f1   Thumb Code    10  doorlockcontrol.o(.text.Lock_Door)
    MFRC522_AntennaOn                        0x080041fd   Thumb Code    44  rc522.o(.text.MFRC522_AntennaOn)
    MFRC522_Anticoll                         0x08004229   Thumb Code   154  rc522.o(.text.MFRC522_Anticoll)
    MFRC522_ClearBitMask                     0x080042c5   Thumb Code    48  rc522.o(.text.MFRC522_ClearBitMask)
    MFRC522_GetCardState                     0x080042f5   Thumb Code    30  rc522.o(.text.MFRC522_GetCardState)
    MFRC522_Init                             0x08004315   Thumb Code   138  rc522.o(.text.MFRC522_Init)
    MFRC522_ReadRegister                     0x080043a1   Thumb Code    44  rc522.o(.text.MFRC522_ReadRegister)
    MFRC522_Request                          0x080043cd   Thumb Code    88  rc522.o(.text.MFRC522_Request)
    MFRC522_Reset                            0x08004425   Thumb Code    20  rc522.o(.text.MFRC522_Reset)
    MFRC522_SetBitMask                       0x08004439   Thumb Code    48  rc522.o(.text.MFRC522_SetBitMask)
    MFRC522_ToCard                           0x08004469   Thumb Code   570  rc522.o(.text.MFRC522_ToCard)
    MFRC522_WriteRegister                    0x080046a5   Thumb Code    58  rc522.o(.text.MFRC522_WriteRegister)
    MQTT_Connect                             0x080046e1   Thumb Code   200  mqtt.o(.text.MQTT_Connect)
    MQTT_Init                                0x080047a9   Thumb Code   118  mqtt.o(.text.MQTT_Init)
    MQTT_Publish_Raw                         0x08004821   Thumb Code   154  mqtt.o(.text.MQTT_Publish_Raw)
    MQTT_Subscribe                           0x080048bd   Thumb Code   100  mqtt.o(.text.MQTT_Subscribe)
    MX_GPIO_Init                             0x08004921   Thumb Code   426  gpio.o(.text.MX_GPIO_Init)
    MX_IWDG_Init                             0x08004acd   Thumb Code    46  iwdg.o(.text.MX_IWDG_Init)
    MX_SPI1_Init                             0x08004afd   Thumb Code    78  spi.o(.text.MX_SPI1_Init)
    MX_TIM2_Init                             0x08004b4d   Thumb Code   214  tim.o(.text.MX_TIM2_Init)
    MX_USART1_UART_Init                      0x08004c25   Thumb Code    64  usart.o(.text.MX_USART1_UART_Init)
    MX_USART2_UART_Init                      0x08004c65   Thumb Code    64  usart.o(.text.MX_USART2_UART_Init)
    MX_USART3_UART_Init                      0x08004ca5   Thumb Code    64  usart.o(.text.MX_USART3_UART_Init)
    MemManage_Handler                        0x08004ce5   Thumb Code     4  stm32f1xx_it.o(.text.MemManage_Handler)
    MySPI_CS_Clr                             0x08004ce9   Thumb Code    26  myspi.o(.text.MySPI_CS_Clr)
    MySPI_CS_Set                             0x08004d05   Thumb Code    26  myspi.o(.text.MySPI_CS_Set)
    MySPI_ReadReg                            0x08004d21   Thumb Code    66  myspi.o(.text.MySPI_ReadReg)
    MySPI_SendByte                           0x08004d65   Thumb Code    46  myspi.o(.text.MySPI_SendByte)
    MySPI_WriteReg                           0x08004d95   Thumb Code    70  myspi.o(.text.MySPI_WriteReg)
    NMI_Handler                              0x08004ddd   Thumb Code     4  stm32f1xx_it.o(.text.NMI_Handler)
    OLED_Clear                               0x08004e4d   Thumb Code   112  oled_i2c.o(.text.OLED_Clear)
    OLED_Clear_sw                            0x08004ebd   Thumb Code   120  oled_i2c.o(.text.OLED_Clear_sw)
    OLED_Init                                0x08004f35   Thumb Code   198  oled_i2c.o(.text.OLED_Init)
    OLED_Set_Pos                             0x08004ffd   Thumb Code    60  oled_i2c.o(.text.OLED_Set_Pos)
    OLED_ShowCHinese                         0x08005039   Thumb Code   200  oled_i2c.o(.text.OLED_ShowCHinese)
    OLED_ShowChar                            0x08005101   Thumb Code   312  oled_i2c.o(.text.OLED_ShowChar)
    OLED_ShowChar_Complete                   0x08005239   Thumb Code   584  oled_i2c.o(.text.OLED_ShowChar_Complete)
    OLED_ShowNum                             0x08005481   Thumb Code   238  oled_i2c.o(.text.OLED_ShowNum)
    OLED_ShowString                          0x08005571   Thumb Code   140  oled_i2c.o(.text.OLED_ShowString)
    OLED_WR_Byte                             0x080055fd   Thumb Code    44  oled_i2c.o(.text.OLED_WR_Byte)
    OLED_WR_Byte_Inverse                     0x08005629   Thumb Code    54  oled_i2c.o(.text.OLED_WR_Byte_Inverse)
    PS_DeletChar                             0x08005661   Thumb Code    68  as608.o(.text.PS_DeletChar)
    PS_GenChar                               0x080056a5   Thumb Code    42  as608.o(.text.PS_GenChar)
    PS_GetImage                              0x080056d1   Thumb Code    26  as608.o(.text.PS_GetImage)
    PS_HighSpeedSearch                       0x080056ed   Thumb Code   140  as608.o(.text.PS_HighSpeedSearch)
    PS_RegModel                              0x08005779   Thumb Code    26  as608.o(.text.PS_RegModel)
    PS_StoreChar                             0x08005795   Thumb Code    62  as608.o(.text.PS_StoreChar)
    PendSV_Handler                           0x080057e1   Thumb Code    68  port.o(.text.PendSV_Handler)
    SVC_Handler                              0x08005a01   Thumb Code    36  port.o(.text.SVC_Handler)
    Servo_Init                               0x08005a25   Thumb Code    18  servo.o(.text.Servo_Init)
    Servo_SetAngle                           0x08005a39   Thumb Code    58  servo.o(.text.Servo_SetAngle)
    Success_Sound                            0x08005a75   Thumb Code    62  doorlockcontrol.o(.text.Success_Sound)
    SysTick_Handler                          0x08005ab5   Thumb Code    20  stm32f1xx_it.o(.text.SysTick_Handler)
    SystemClock_Config                       0x08005ac9   Thumb Code   112  init.o(.text.SystemClock_Config)
    SystemInit                               0x08005b39   Thumb Code     2  system_stm32f1xx.o(.text.SystemInit)
    System_Init                              0x08005b3d   Thumb Code   434  init.o(.text.System_Init)
    TIM4_IRQHandler                          0x08005cf1   Thumb Code    16  stm32f1xx_it.o(.text.TIM4_IRQHandler)
    TIM_Base_SetConfig                       0x08005d01   Thumb Code   262  stm32f1xx_hal_tim.o(.text.TIM_Base_SetConfig)
    TIM_CCxChannelCmd                        0x08005e09   Thumb Code    54  stm32f1xx_hal_tim.o(.text.TIM_CCxChannelCmd)
    TIM_ETR_SetConfig                        0x08005e41   Thumb Code    52  stm32f1xx_hal_tim.o(.text.TIM_ETR_SetConfig)
    TIM_OC2_SetConfig                        0x08005f71   Thumb Code   216  stm32f1xx_hal_tim.o(.text.TIM_OC2_SetConfig)
    UART_Start_Receive_IT                    0x08006561   Thumb Code    98  stm32f1xx_hal_uart.o(.text.UART_Start_Receive_IT)
    USART1_IRQHandler                        0x08006735   Thumb Code    16  stm32f1xx_it.o(.text.USART1_IRQHandler)
    USART2_IRQHandler                        0x08006745   Thumb Code    16  stm32f1xx_it.o(.text.USART2_IRQHandler)
    Unlock_Door                              0x08006755   Thumb Code    14  doorlockcontrol.o(.text.Unlock_Door)
    UsageFault_Handler                       0x08006765   Thumb Code     4  stm32f1xx_it.o(.text.UsageFault_Handler)
    add_card                                 0x08006941   Thumb Code   226  storage.o(.text.add_card)
    add_fingerprint                          0x08006b85   Thumb Code   548  storage.o(.text.add_fingerprint)
    connect_mqtt                             0x08006f09   Thumb Code    92  network.o(.text.connect_mqtt)
    connect_wifi                             0x08006f65   Thumb Code    38  network.o(.text.connect_wifi)
    delete_card                              0x0800724d   Thumb Code   124  storage.o(.text.delete_card)
    delete_fingerprint                       0x080072c9   Thumb Code    36  storage.o(.text.delete_fingerprint)
    display_char                             0x080072ed   Thumb Code    84  display.o(.text.display_char)
    display_chinese                          0x08007341   Thumb Code    82  display.o(.text.display_chinese)
    display_chineses                         0x08007395   Thumb Code   132  display.o(.text.display_chineses)
    display_clear                            0x08007419   Thumb Code    54  display.o(.text.display_clear)
    display_clear_area                       0x08007451   Thumb Code    90  display.o(.text.display_clear_area)
    display_number                           0x080074ad   Thumb Code    96  display.o(.text.display_number)
    display_string                           0x0800750d   Thumb Code    88  display.o(.text.display_string)
    doorLock_init                            0x08007671   Thumb Code   308  doorlockcontrol.o(.text.doorLock_init)
    fingerprint_verify                       0x080077a5   Thumb Code   128  verify.o(.text.fingerprint_verify)
    fputc                                    0x08007825   Thumb Code    34  usart.o(.text.fputc)
    main                                     0x08007849   Thumb Code    20  main.o(.text.main)
    manage_ui                                0x0800785d   Thumb Code   224  manage.o(.text.manage_ui)
    network_cmd_process                      0x0800793d   Thumb Code   578  network.o(.text.network_cmd_process)
    network_init                             0x08007b81   Thumb Code    90  network.o(.text.network_init)
    network_ping                             0x08007bdd   Thumb Code    64  network.o(.text.network_ping)
    nfc_verify                               0x08007c1d   Thumb Code   176  verify.o(.text.nfc_verify)
    password_verify                          0x08007cfd   Thumb Code   326  verify.o(.text.password_verify)
    pvPortMalloc                             0x08008da9   Thumb Code   438  heap_4.o(.text.pvPortMalloc)
    pvTaskIncrementMutexHeldCount            0x08008f61   Thumb Code    36  tasks.o(.text.pvTaskIncrementMutexHeldCount)
    pxPortInitialiseStack                    0x08008f85   Thumb Code    80  port.o(.text.pxPortInitialiseStack)
    set_password                             0x08008fd5   Thumb Code    82  storage.o(.text.set_password)
    uxListRemove                             0x0800922d   Thumb Code    72  list.o(.text.uxListRemove)
    vDoorLockControlTask                     0x08009275   Thumb Code   942  doorlockcontrol_task.o(.text.vDoorLockControlTask)
    vFingerTask                              0x08009625   Thumb Code    78  finger_task.o(.text.vFingerTask)
    vIWDGRefreshTask                         0x08009675   Thumb Code    30  iwdgrefresh_task.o(.text.vIWDGRefreshTask)
    vKeypadTask                              0x08009695   Thumb Code   160  keypad_task.o(.text.vKeypadTask)
    vListInitialise                          0x08009735   Thumb Code    46  list.o(.text.vListInitialise)
    vListInitialiseItem                      0x08009765   Thumb Code    14  list.o(.text.vListInitialiseItem)
    vListInsert                              0x08009775   Thumb Code   106  list.o(.text.vListInsert)
    vNFCTask                                 0x080097e1   Thumb Code    78  nfc_task.o(.text.vNFCTask)
    vNetworkTask                             0x08009831   Thumb Code   250  network_task.o(.text.vNetworkTask)
    vPortEnterCritical                       0x0800992d   Thumb Code    48  port.o(.text.vPortEnterCritical)
    vPortExitCritical                        0x0800995d   Thumb Code    38  port.o(.text.vPortExitCritical)
    vPortFree                                0x08009985   Thumb Code   118  heap_4.o(.text.vPortFree)
    vPortSetupTimerInterrupt                 0x080099fd   Thumb Code    46  port.o(.text.vPortSetupTimerInterrupt)
    vQueueWaitForMessageRestricted           0x08009a2d   Thumb Code   100  queue.o(.text.vQueueWaitForMessageRestricted)
    vTaskDelay                               0x08009a91   Thumb Code    74  tasks.o(.text.vTaskDelay)
    vTaskInternalSetTimeOutState             0x08009add   Thumb Code    36  tasks.o(.text.vTaskInternalSetTimeOutState)
    vTaskMissedYield                         0x08009b01   Thumb Code    14  tasks.o(.text.vTaskMissedYield)
    vTaskPlaceOnEventList                    0x08009b11   Thumb Code    38  tasks.o(.text.vTaskPlaceOnEventList)
    vTaskPlaceOnEventListRestricted          0x08009b39   Thumb Code   100  tasks.o(.text.vTaskPlaceOnEventListRestricted)
    vTaskPriorityDisinheritAfterTimeout      0x08009b9d   Thumb Code   320  tasks.o(.text.vTaskPriorityDisinheritAfterTimeout)
    vTaskStartScheduler                      0x08009cdd   Thumb Code   114  tasks.o(.text.vTaskStartScheduler)
    vTaskSuspendAll                          0x08009d51   Thumb Code    16  tasks.o(.text.vTaskSuspendAll)
    vTaskSwitchContext                       0x08009d61   Thumb Code   162  tasks.o(.text.vTaskSwitchContext)
    vTimerCallback                           0x08009e05   Thumb Code    62  verify_task.o(.text.vTimerCallback)
    vVerifyTask                              0x08009e45   Thumb Code   816  verify_task.o(.text.vVerifyTask)
    xPortStartScheduler                      0x0800a175   Thumb Code    64  port.o(.text.xPortStartScheduler)
    xPortSysTickHandler                      0x0800a1b5   Thumb Code    60  port.o(.text.xPortSysTickHandler)
    xQueueCreateCountingSemaphore            0x0800a1f1   Thumb Code    66  queue.o(.text.xQueueCreateCountingSemaphore)
    xQueueCreateMutex                        0x0800a235   Thumb Code    38  queue.o(.text.xQueueCreateMutex)
    xQueueGenericCreate                      0x0800a25d   Thumb Code   126  queue.o(.text.xQueueGenericCreate)
    xQueueGenericReset                       0x0800a2dd   Thumb Code   208  queue.o(.text.xQueueGenericReset)
    xQueueGenericSend                        0x0800a3ad   Thumb Code   362  queue.o(.text.xQueueGenericSend)
    xQueueReceive                            0x0800a519   Thumb Code   338  queue.o(.text.xQueueReceive)
    xQueueSemaphoreTake                      0x0800a66d   Thumb Code   414  queue.o(.text.xQueueSemaphoreTake)
    xTaskCheckForTimeOut                     0x0800a80d   Thumb Code   154  tasks.o(.text.xTaskCheckForTimeOut)
    xTaskCreate                              0x0800a8a9   Thumb Code    82  tasks.o(.text.xTaskCreate)
    xTaskDelayUntil                          0x0800a8fd   Thumb Code   186  tasks.o(.text.xTaskDelayUntil)
    xTaskGenericNotify                       0x0800a9b9   Thumb Code   446  tasks.o(.text.xTaskGenericNotify)
    xTaskGenericNotifyFromISR                0x0800ab79   Thumb Code   556  tasks.o(.text.xTaskGenericNotifyFromISR)
    xTaskGenericNotifyWait                   0x0800ada5   Thumb Code   300  tasks.o(.text.xTaskGenericNotifyWait)
    xTaskGetSchedulerState                   0x0800aed1   Thumb Code    56  tasks.o(.text.xTaskGetSchedulerState)
    xTaskGetTickCount                        0x0800af09   Thumb Code    20  tasks.o(.text.xTaskGetTickCount)
    xTaskIncrementTick                       0x0800af1d   Thumb Code   590  tasks.o(.text.xTaskIncrementTick)
    xTaskPriorityDisinherit                  0x0800b16d   Thumb Code   250  tasks.o(.text.xTaskPriorityDisinherit)
    xTaskPriorityInherit                     0x0800b269   Thumb Code   356  tasks.o(.text.xTaskPriorityInherit)
    xTaskRemoveFromEventList                 0x0800b3cd   Thumb Code   388  tasks.o(.text.xTaskRemoveFromEventList)
    xTaskResumeAll                           0x0800b551   Thumb Code   558  tasks.o(.text.xTaskResumeAll)
    xTimerCreate                             0x0800b781   Thumb Code    74  timers.o(.text.xTimerCreate)
    xTimerCreateTimerTask                    0x0800b7cd   Thumb Code    80  timers.o(.text.xTimerCreateTimerTask)
    xTimerGenericCommandFromTask             0x0800b81d   Thumb Code   124  timers.o(.text.xTimerGenericCommandFromTask)
    xTimerIsTimerActive                      0x0800b899   Thumb Code    48  timers.o(.text.xTimerIsTimerActive)
    __0printf                                0x0800b8c9   Thumb Code    22  printfa.o(i.__0printf)
    __1printf                                0x0800b8c9   Thumb Code     0  printfa.o(i.__0printf)
    __2printf                                0x0800b8c9   Thumb Code     0  printfa.o(i.__0printf)
    __c89printf                              0x0800b8c9   Thumb Code     0  printfa.o(i.__0printf)
    printf                                   0x0800b8c9   Thumb Code     0  printfa.o(i.__0printf)
    __0sprintf                               0x0800b8e9   Thumb Code    34  printfa.o(i.__0sprintf)
    __1sprintf                               0x0800b8e9   Thumb Code     0  printfa.o(i.__0sprintf)
    __2sprintf                               0x0800b8e9   Thumb Code     0  printfa.o(i.__0sprintf)
    __c89sprintf                             0x0800b8e9   Thumb Code     0  printfa.o(i.__0sprintf)
    sprintf                                  0x0800b8e9   Thumb Code     0  printfa.o(i.__0sprintf)
    __aeabi_errno_addr                       0x0800b911   Thumb Code     4  errno.o(i.__aeabi_errno_addr)
    __rt_errno_addr                          0x0800b911   Thumb Code     0  errno.o(i.__aeabi_errno_addr)
    __scatterload_copy                       0x0800b919   Thumb Code    14  handlers.o(i.__scatterload_copy)
    __scatterload_null                       0x0800b927   Thumb Code     2  handlers.o(i.__scatterload_null)
    __scatterload_zeroinit                   0x0800b929   Thumb Code    14  handlers.o(i.__scatterload_zeroinit)
    __ctype_table                            0x0800c1f4   Data         129  ctype_o.o(.constdata)
    AHBPrescTable                            0x0800c27c   Data          16  system_stm32f1xx.o(.rodata.AHBPrescTable)
    APBPrescTable                            0x0800c28c   Data           8  system_stm32f1xx.o(.rodata.APBPrescTable)
    F6x8                                     0x0800c294   Data         552  oled_i2c.o(.rodata.F6x8)
    F8X16                                    0x0800c4bc   Data        1504  oled_i2c.o(.rodata.F8X16)
    Hzk                                      0x0800caae   Data        3392  oled_i2c.o(.rodata.Hzk)
    Keypad_map                               0x0800d7ee   Data          12  keypad.o(.rodata.Keypad_map)
    col_pins                                 0x0800d7fa   Data           6  keypad.o(.rodata.col_pins)
    row_pins                                 0x0800d800   Data           8  keypad.o(.rodata.row_pins)
    Region$$Table$$Base                      0x0800dc74   Number         0  anon$$obj.o(Region$$Table)
    Region$$Table$$Limit                     0x0800dc94   Number         0  anon$$obj.o(Region$$Table)
    __stdout                                 0x20000000   Data           4  stdout.o(.data)
    SystemCoreClock                          0x20000008   Data           4  system_stm32f1xx.o(.data.SystemCoreClock)
    col_ports                                0x2000000c   Data          12  keypad.o(.data.col_ports)
    row_ports                                0x20000018   Data          16  keypad.o(.data.row_ports)
    uwTickFreq                               0x20000028   Data           1  stm32f1xx_hal.o(.data.uwTickFreq)
    uwTickPrio                               0x2000002c   Data           4  stm32f1xx_hal.o(.data.uwTickPrio)
    IWDGRefreshTask_handle                   0x20000038   Data           4  init.o(.bss.IWDGRefreshTask_handle)
    NFCTask_handle                           0x20000044   Data           4  init.o(.bss.NFCTask_handle)
    doorLock                                 0x20000048   Data          68  doorlockcontrol.o(.bss.doorLock)
    doorLockControlTask_handle               0x2000008c   Data           4  init.o(.bss.doorLockControlTask_handle)
    fingerTask_handle                        0x20000090   Data           4  init.o(.bss.fingerTask_handle)
    has608                                   0x20000094   Data          24  init.o(.bss.has608)
    hesp                                     0x200000ac   Data         524  network.o(.bss.hesp)
    hiwdg                                    0x200002b8   Data          12  iwdg.o(.bss.hiwdg)
    hrc522                                   0x200002c4   Data          12  init.o(.bss.hrc522)
    hspi1                                    0x200002d0   Data          88  spi.o(.bss.hspi1)
    htim2                                    0x20000328   Data          72  tim.o(.bss.htim2)
    htim4                                    0x20000370   Data          72  stm32f1xx_hal_timebase_tim.o(.bss.htim4)
    huart1                                   0x200003b8   Data          72  usart.o(.bss.huart1)
    huart2                                   0x20000400   Data          72  usart.o(.bss.huart2)
    huart3                                   0x20000448   Data          72  usart.o(.bss.huart3)
    keypadTask_handle                        0x20000490   Data           4  init.o(.bss.keypadTask_handle)
    mqtt_client                              0x20000494   Data         176  network.o(.bss.mqtt_client)
    networkTask_handle                       0x20000544   Data           4  init.o(.bss.networkTask_handle)
    pxCurrentTCB                             0x2000054c   Data           4  tasks.o(.bss.pxCurrentTCB)
    uwTick                                   0x20002e2c   Data           4  stm32f1xx_hal.o(.bss.uwTick)
    verifyTask_handle                        0x20002e44   Data           4  init.o(.bss.verifyTask_handle)
    xSemphore_Display_Mutex                  0x20002ed0   Data           4  init.o(.bss.xSemphore_Display_Mutex)
    __initial_sp                             0x20003718   Data           0  startup_stm32f103xb.o(STACK)



==============================================================================

Memory Map of the image

  Image Entry point : 0x080000ed

  Load Region LR_IROM1 (Base: 0x08000000, Size: 0x0000dcd0, Max: 0x00010000, ABSOLUTE)

    Execution Region ER_IROM1 (Exec base: 0x08000000, Load base: 0x08000000, Size: 0x0000dc94, Max: 0x00010000, ABSOLUTE)

    Exec Addr    Load Addr    Size         Type   Attr      Idx    E Section Name        Object

    0x08000000   0x08000000   0x000000ec   Data   RO            3    RESET               startup_stm32f103xb.o
    0x080000ec   0x080000ec   0x00000000   Code   RO         2135  * .ARM.Collect$$$$00000000  mc_w.l(entry.o)
    0x080000ec   0x080000ec   0x00000004   Code   RO         2196    .ARM.Collect$$$$00000001  mc_w.l(entry2.o)
    0x080000f0   0x080000f0   0x00000004   Code   RO         2199    .ARM.Collect$$$$00000004  mc_w.l(entry5.o)
    0x080000f4   0x080000f4   0x00000000   Code   RO         2201    .ARM.Collect$$$$00000008  mc_w.l(entry7b.o)
    0x080000f4   0x080000f4   0x00000000   Code   RO         2203    .ARM.Collect$$$$0000000A  mc_w.l(entry8b.o)
    0x080000f4   0x080000f4   0x00000008   Code   RO         2204    .ARM.Collect$$$$0000000B  mc_w.l(entry9a.o)
    0x080000fc   0x080000fc   0x00000000   Code   RO         2206    .ARM.Collect$$$$0000000D  mc_w.l(entry10a.o)
    0x080000fc   0x080000fc   0x00000000   Code   RO         2208    .ARM.Collect$$$$0000000F  mc_w.l(entry11a.o)
    0x080000fc   0x080000fc   0x00000004   Code   RO         2197    .ARM.Collect$$$$00002712  mc_w.l(entry2.o)
    0x08000100   0x08000100   0x00000024   Code   RO            4    .text               startup_stm32f103xb.o
    0x08000124   0x08000124   0x00000024   Code   RO         2138    .text               mc_w.l(memcpya.o)
    0x08000148   0x08000148   0x00000024   Code   RO         2140    .text               mc_w.l(memseta.o)
    0x0800016c   0x0800016c   0x00000024   Code   RO         2142    .text               mc_w.l(strstr.o)
    0x08000190   0x08000190   0x00000018   Code   RO         2144    .text               mc_w.l(strncpy.o)
    0x080001a8   0x080001a8   0x0000000e   Code   RO         2146    .text               mc_w.l(strlen.o)
    0x080001b6   0x080001b6   0x0000001c   Code   RO         2148    .text               mc_w.l(strcmp.o)
    0x080001d2   0x080001d2   0x0000001a   Code   RO         2182    .text               mc_w.l(atoi.o)
    0x080001ec   0x080001ec   0x000000b0   Code   RO         2184    .text               mf_w.l(fadd.o)
    0x0800029c   0x0800029c   0x00000064   Code   RO         2186    .text               mf_w.l(fmul.o)
    0x08000300   0x08000300   0x0000007c   Code   RO         2188    .text               mf_w.l(fdiv.o)
    0x0800037c   0x0800037c   0x00000032   Code   RO         2194    .text               mf_w.l(ffixi.o)
    0x080003ae   0x080003ae   0x0000002c   Code   RO         2220    .text               mc_w.l(uidiv.o)
    0x080003da   0x080003da   0x00000062   Code   RO         2222    .text               mc_w.l(uldiv.o)
    0x0800043c   0x0800043c   0x00000070   Code   RO         2231    .text               mc_w.l(strtol.o)
    0x080004ac   0x080004ac   0x00000000   Code   RO         2233    .text               mc_w.l(iusefp.o)
    0x080004ac   0x080004ac   0x0000006e   Code   RO         2234    .text               mf_w.l(fepilogue.o)
    0x0800051a   0x0800051a   0x0000014e   Code   RO         2236    .text               mf_w.l(dadd.o)
    0x08000668   0x08000668   0x000000e4   Code   RO         2238    .text               mf_w.l(dmul.o)
    0x0800074c   0x0800074c   0x000000de   Code   RO         2240    .text               mf_w.l(ddiv.o)
    0x0800082a   0x0800082a   0x00000030   Code   RO         2242    .text               mf_w.l(dfixul.o)
    0x0800085a   0x0800085a   0x00000002   PAD
    0x0800085c   0x0800085c   0x00000030   Code   RO         2244    .text               mf_w.l(cdrcmple.o)
    0x0800088c   0x0800088c   0x00000030   Code   RO         2246    .text               mc_w.l(init.o)
    0x080008bc   0x080008bc   0x0000001e   Code   RO         2248    .text               mc_w.l(llshl.o)
    0x080008da   0x080008da   0x00000020   Code   RO         2250    .text               mc_w.l(llushr.o)
    0x080008fa   0x080008fa   0x00000024   Code   RO         2252    .text               mc_w.l(llsshr.o)
    0x0800091e   0x0800091e   0x00000002   PAD
    0x08000920   0x08000920   0x00000008   Code   RO         2254    .text               mc_w.l(ctype_o.o)
    0x08000928   0x08000928   0x0000009e   Code   RO         2282    .text               mc_w.l(_strtoul.o)
    0x080009c6   0x080009c6   0x000000ba   Code   RO         2284    .text               mf_w.l(depilogue.o)
    0x08000a80   0x08000a80   0x0000001c   Code   RO         2286    .text               mc_w.l(_chval.o)
    0x08000a9c   0x08000a9c   0x00000044   Code   RO         1193    .text.AS608_CalculateChecksum  as608.o
    0x08000ae0   0x08000ae0   0x0000002e   Code   RO         1171    .text.AS608_GetFingerState  as608.o
    0x08000b0e   0x08000b0e   0x00000002   PAD
    0x08000b10   0x08000b10   0x00000048   Code   RO         1169    .text.AS608_Init    as608.o
    0x08000b58   0x08000b58   0x0000016e   Code   RO         1175    .text.AS608_SendCmd  as608.o
    0x08000cc6   0x08000cc6   0x00000002   PAD
    0x08000cc8   0x08000cc8   0x00000090   Code   RO         1373    .text.AT24Cxx_I2C_ReadByte  at24cxx.o
    0x08000d58   0x08000d58   0x0000004a   Code   RO         1367    .text.AT24Cxx_I2C_ReceiveAck  at24cxx.o
    0x08000da2   0x08000da2   0x00000002   PAD
    0x08000da4   0x08000da4   0x0000003a   Code   RO         1375    .text.AT24Cxx_I2C_SendAck  at24cxx.o
    0x08000dde   0x08000dde   0x00000002   PAD
    0x08000de0   0x08000de0   0x00000066   Code   RO         1365    .text.AT24Cxx_I2C_SendByte  at24cxx.o
    0x08000e46   0x08000e46   0x00000002   PAD
    0x08000e48   0x08000e48   0x00000044   Code   RO         1363    .text.AT24Cxx_I2C_Start  at24cxx.o
    0x08000e8c   0x08000e8c   0x00000036   Code   RO         1369    .text.AT24Cxx_I2C_Stop  at24cxx.o
    0x08000ec2   0x08000ec2   0x00000002   PAD
    0x08000ec4   0x08000ec4   0x0000007c   Code   RO         1379    .text.AT24Cxx_Read  at24cxx.o
    0x08000f40   0x08000f40   0x0000004a   Code   RO         1371    .text.AT24Cxx_ReadByte  at24cxx.o
    0x08000f8a   0x08000f8a   0x00000002   PAD
    0x08000f8c   0x08000f8c   0x0000006a   Code   RO         1377    .text.AT24Cxx_Write  at24cxx.o
    0x08000ff6   0x08000ff6   0x00000002   PAD
    0x08000ff8   0x08000ff8   0x00000004   Code   RO          147    .text.BusFault_Handler  stm32f1xx_it.o
    0x08000ffc   0x08000ffc   0x0000001c   Code   RO         1208    .text.Buzzer_Beep   buzzer.o
    0x08001018   0x08001018   0x00000016   Code   RO         1204    .text.Buzzer_Off    buzzer.o
    0x0800102e   0x0800102e   0x00000002   PAD
    0x08001030   0x08001030   0x00000016   Code   RO         1202    .text.Buzzer_On     buzzer.o
    0x08001046   0x08001046   0x00000002   PAD
    0x08001048   0x08001048   0x00000014   Code   RO         1206    .text.Buzzer_Toggle  buzzer.o
    0x0800105c   0x0800105c   0x00000002   Code   RO          151    .text.DebugMon_Handler  stm32f1xx_it.o
    0x0800105e   0x0800105e   0x00000002   PAD
    0x08001060   0x08001060   0x00000036   Code   RO         1398    .text.ESP8266_Connect_WiFi  esp8266.o
    0x08001096   0x08001096   0x00000002   PAD
    0x08001098   0x08001098   0x00000072   Code   RO         1394    .text.ESP8266_Init  esp8266.o
    0x0800110a   0x0800110a   0x00000002   PAD
    0x0800110c   0x0800110c   0x000000a4   Code   RO         1392    .text.ESP8266_RxCallback  esp8266.o
    0x080011b0   0x080011b0   0x000000aa   Code   RO         1390    .text.ESP8266_Send_Command  esp8266.o
    0x0800125a   0x0800125a   0x00000002   PAD
    0x0800125c   0x0800125c   0x00000044   Code   RO         1388    .text.ESP8266_Send_Data  esp8266.o
    0x080012a0   0x080012a0   0x0000000e   Code   RO           14    .text.Error_Handler  main.o
    0x080012ae   0x080012ae   0x00000002   PAD
    0x080012b0   0x080012b0   0x0000007a   Code   RO         2046    .text.Error_Sound   doorlockcontrol.o
    0x0800132a   0x0800132a   0x00000002   PAD
    0x0800132c   0x0800132c   0x0000007c   Code   RO          676    .text.HAL_DMA_Abort  stm32f1xx_hal_dma.o
    0x080013a8   0x080013a8   0x0000011c   Code   RO          678    .text.HAL_DMA_Abort_IT  stm32f1xx_hal_dma.o
    0x080014c4   0x080014c4   0x00000042   Code   RO          549    .text.HAL_Delay     stm32f1xx_hal.o
    0x08001506   0x08001506   0x00000002   PAD
    0x08001508   0x08001508   0x0000031e   Code   RO          643    .text.HAL_GPIO_Init  stm32f1xx_hal_gpio.o
    0x08001826   0x08001826   0x00000002   PAD
    0x08001828   0x08001828   0x0000002e   Code   RO          647    .text.HAL_GPIO_ReadPin  stm32f1xx_hal_gpio.o
    0x08001856   0x08001856   0x00000002   PAD
    0x08001858   0x08001858   0x00000026   Code   RO          651    .text.HAL_GPIO_TogglePin  stm32f1xx_hal_gpio.o
    0x0800187e   0x0800187e   0x00000002   PAD
    0x08001880   0x08001880   0x0000002e   Code   RO          649    .text.HAL_GPIO_WritePin  stm32f1xx_hal_gpio.o
    0x080018ae   0x080018ae   0x00000002   PAD
    0x080018b0   0x080018b0   0x0000000c   Code   RO          541    .text.HAL_GetTick   stm32f1xx_hal.o
    0x080018bc   0x080018bc   0x00000090   Code   RO          518    .text.HAL_IWDG_Init  stm32f1xx_hal_iwdg.o
    0x0800194c   0x0800194c   0x00000014   Code   RO          520    .text.HAL_IWDG_Refresh  stm32f1xx_hal_iwdg.o
    0x08001960   0x08001960   0x0000001a   Code   RO          539    .text.HAL_IncTick   stm32f1xx_hal.o
    0x0800197a   0x0800197a   0x00000002   PAD
    0x0800197c   0x0800197c   0x00000026   Code   RO          529    .text.HAL_Init      stm32f1xx_hal.o
    0x080019a2   0x080019a2   0x00000002   PAD
    0x080019a4   0x080019a4   0x000000f0   Code   RO          127    .text.HAL_InitTick  stm32f1xx_hal_timebase_tim.o
    0x08001a94   0x08001a94   0x00000064   Code   RO          119    .text.HAL_MspInit   stm32f1xx_hal_msp.o
    0x08001af8   0x08001af8   0x00000014   Code   RO          711    .text.HAL_NVIC_EnableIRQ  stm32f1xx_hal_cortex.o
    0x08001b0c   0x08001b0c   0x00000032   Code   RO          703    .text.HAL_NVIC_SetPriority  stm32f1xx_hal_cortex.o
    0x08001b3e   0x08001b3e   0x00000002   PAD
    0x08001b40   0x08001b40   0x00000010   Code   RO          699    .text.HAL_NVIC_SetPriorityGrouping  stm32f1xx_hal_cortex.o
    0x08001b50   0x08001b50   0x00000256   Code   RO          595    .text.HAL_RCC_ClockConfig  stm32f1xx_hal_rcc.o
    0x08001da6   0x08001da6   0x00000002   PAD
    0x08001da8   0x08001da8   0x00000054   Code   RO          613    .text.HAL_RCC_GetClockConfig  stm32f1xx_hal_rcc.o
    0x08001dfc   0x08001dfc   0x0000000c   Code   RO          605    .text.HAL_RCC_GetHCLKFreq  stm32f1xx_hal_rcc.o
    0x08001e08   0x08001e08   0x00000022   Code   RO          607    .text.HAL_RCC_GetPCLK1Freq  stm32f1xx_hal_rcc.o
    0x08001e2a   0x08001e2a   0x00000002   PAD
    0x08001e2c   0x08001e2c   0x00000022   Code   RO          609    .text.HAL_RCC_GetPCLK2Freq  stm32f1xx_hal_rcc.o
    0x08001e4e   0x08001e4e   0x00000002   PAD
    0x08001e50   0x08001e50   0x000000bc   Code   RO          597    .text.HAL_RCC_GetSysClockFreq  stm32f1xx_hal_rcc.o
    0x08001f0c   0x08001f0c   0x0000067a   Code   RO          591    .text.HAL_RCC_OscConfig  stm32f1xx_hal_rcc.o
    0x08002586   0x08002586   0x00000002   PAD
    0x08002588   0x08002588   0x000000fa   Code   RO          907    .text.HAL_SPI_Init  stm32f1xx_hal_spi.o
    0x08002682   0x08002682   0x00000002   PAD
    0x08002684   0x08002684   0x00000094   Code   RO          107    .text.HAL_SPI_MspInit  spi.o
    0x08002718   0x08002718   0x000003a2   Code   RO          921    .text.HAL_SPI_TransmitReceive  stm32f1xx_hal_spi.o
    0x08002aba   0x08002aba   0x00000002   PAD
    0x08002abc   0x08002abc   0x00000008   Code   RO          505    .text.HAL_TIMEx_BreakCallback  stm32f1xx_hal_tim_ex.o
    0x08002ac4   0x08002ac4   0x00000008   Code   RO          501    .text.HAL_TIMEx_CommutCallback  stm32f1xx_hal_tim_ex.o
    0x08002acc   0x08002acc   0x000000dc   Code   RO          495    .text.HAL_TIMEx_MasterConfigSynchronization  stm32f1xx_hal_tim_ex.o
    0x08002ba8   0x08002ba8   0x0000009c   Code   RO          182    .text.HAL_TIM_Base_Init  stm32f1xx_hal_tim.o
    0x08002c44   0x08002c44   0x00000034   Code   RO           58    .text.HAL_TIM_Base_MspInit  tim.o
    0x08002c78   0x08002c78   0x000000b0   Code   RO          196    .text.HAL_TIM_Base_Start_IT  stm32f1xx_hal_tim.o
    0x08002d28   0x08002d28   0x00000184   Code   RO          374    .text.HAL_TIM_ConfigClockSource  stm32f1xx_hal_tim.o
    0x08002eac   0x08002eac   0x00000008   Code   RO          318    .text.HAL_TIM_IC_CaptureCallback  stm32f1xx_hal_tim.o
    0x08002eb4   0x08002eb4   0x0000021a   Code   RO          316    .text.HAL_TIM_IRQHandler  stm32f1xx_hal_tim.o
    0x080030ce   0x080030ce   0x00000002   PAD
    0x080030d0   0x080030d0   0x00000084   Code   RO           56    .text.HAL_TIM_MspPostInit  tim.o
    0x08003154   0x08003154   0x00000008   Code   RO          320    .text.HAL_TIM_OC_DelayElapsedCallback  stm32f1xx_hal_tim.o
    0x0800315c   0x0800315c   0x00000142   Code   RO          348    .text.HAL_TIM_PWM_ConfigChannel  stm32f1xx_hal_tim.o
    0x0800329e   0x0800329e   0x00000002   PAD
    0x080032a0   0x080032a0   0x0000009c   Code   RO          236    .text.HAL_TIM_PWM_Init  stm32f1xx_hal_tim.o
    0x0800333c   0x0800333c   0x00000008   Code   RO          238    .text.HAL_TIM_PWM_MspInit  stm32f1xx_hal_tim.o
    0x08003344   0x08003344   0x00000008   Code   RO          322    .text.HAL_TIM_PWM_PulseFinishedCallback  stm32f1xx_hal_tim.o
    0x0800334c   0x0800334c   0x00000160   Code   RO          244    .text.HAL_TIM_PWM_Start  stm32f1xx_hal_tim.o
    0x080034ac   0x080034ac   0x00000022   Code   RO           62    .text.HAL_TIM_PeriodElapsedCallback  tim.o
    0x080034ce   0x080034ce   0x00000002   PAD
    0x080034d0   0x080034d0   0x00000008   Code   RO          326    .text.HAL_TIM_TriggerCallback  stm32f1xx_hal_tim.o
    0x080034d8   0x080034d8   0x000001c0   Code   RO         1074    .text.HAL_UARTEx_ReceiveToIdle  stm32f1xx_hal_uart.o
    0x08003698   0x08003698   0x0000000c   Code   RO         1116    .text.HAL_UARTEx_RxEventCallback  stm32f1xx_hal_uart.o
    0x080036a4   0x080036a4   0x00000008   Code   RO         1114    .text.HAL_UART_ErrorCallback  stm32f1xx_hal_uart.o
    0x080036ac   0x080036ac   0x0000042a   Code   RO         1108    .text.HAL_UART_IRQHandler  stm32f1xx_hal_uart.o
    0x08003ad6   0x08003ad6   0x00000002   PAD
    0x08003ad8   0x08003ad8   0x0000009e   Code   RO         1024    .text.HAL_UART_Init  stm32f1xx_hal_uart.o
    0x08003b76   0x08003b76   0x00000002   PAD
    0x08003b78   0x08003b78   0x000001c8   Code   RO           87    .text.HAL_UART_MspInit  usart.o
    0x08003d40   0x08003d40   0x00000056   Code   RO         1048    .text.HAL_UART_Receive_IT  stm32f1xx_hal_uart.o
    0x08003d96   0x08003d96   0x00000002   PAD
    0x08003d98   0x08003d98   0x00000052   Code   RO           93    .text.HAL_UART_RxCpltCallback  usart.o
    0x08003dea   0x08003dea   0x00000002   PAD
    0x08003dec   0x08003dec   0x00000130   Code   RO         1040    .text.HAL_UART_Transmit  stm32f1xx_hal_uart.o
    0x08003f1c   0x08003f1c   0x00000008   Code   RO         1122    .text.HAL_UART_TxCpltCallback  stm32f1xx_hal_uart.o
    0x08003f24   0x08003f24   0x00000046   Code   RO          143    .text.HardFault_Handler  stm32f1xx_it.o
    0x08003f6a   0x08003f6a   0x00000002   PAD
    0x08003f6c   0x08003f6c   0x00000040   Code   RO         1285    .text.IIC_Start     oled_i2c.o
    0x08003fac   0x08003fac   0x00000032   Code   RO         1291    .text.IIC_Stop      oled_i2c.o
    0x08003fde   0x08003fde   0x00000002   PAD
    0x08003fe0   0x08003fe0   0x00000026   Code   RO         1289    .text.IIC_Wait_Ack  oled_i2c.o
    0x08004006   0x08004006   0x00000002   PAD
    0x08004008   0x08004008   0x000001d2   Code   RO         1217    .text.Keypad_Scan   keypad.o
    0x080041da   0x080041da   0x00000002   PAD
    0x080041dc   0x080041dc   0x00000014   Code   RO         1236    .text.LED_Toggle    led.o
    0x080041f0   0x080041f0   0x0000000a   Code   RO         2040    .text.Lock_Door     doorlockcontrol.o
    0x080041fa   0x080041fa   0x00000002   PAD
    0x080041fc   0x080041fc   0x0000002c   Code   RO         1309    .text.MFRC522_AntennaOn  rc522.o
    0x08004228   0x08004228   0x0000009a   Code   RO         1323    .text.MFRC522_Anticoll  rc522.o
    0x080042c2   0x080042c2   0x00000002   PAD
    0x080042c4   0x080042c4   0x00000030   Code   RO         1315    .text.MFRC522_ClearBitMask  rc522.o
    0x080042f4   0x080042f4   0x0000001e   Code   RO         1317    .text.MFRC522_GetCardState  rc522.o
    0x08004312   0x08004312   0x00000002   PAD
    0x08004314   0x08004314   0x0000008a   Code   RO         1303    .text.MFRC522_Init  rc522.o
    0x0800439e   0x0800439e   0x00000002   PAD
    0x080043a0   0x080043a0   0x0000002c   Code   RO         1311    .text.MFRC522_ReadRegister  rc522.o
    0x080043cc   0x080043cc   0x00000058   Code   RO         1319    .text.MFRC522_Request  rc522.o
    0x08004424   0x08004424   0x00000014   Code   RO         1305    .text.MFRC522_Reset  rc522.o
    0x08004438   0x08004438   0x00000030   Code   RO         1313    .text.MFRC522_SetBitMask  rc522.o
    0x08004468   0x08004468   0x0000023a   Code   RO         1329    .text.MFRC522_ToCard  rc522.o
    0x080046a2   0x080046a2   0x00000002   PAD
    0x080046a4   0x080046a4   0x0000003a   Code   RO         1307    .text.MFRC522_WriteRegister  rc522.o
    0x080046de   0x080046de   0x00000002   PAD
    0x080046e0   0x080046e0   0x000000c8   Code   RO         1928    .text.MQTT_Connect  mqtt.o
    0x080047a8   0x080047a8   0x00000076   Code   RO         1926    .text.MQTT_Init     mqtt.o
    0x0800481e   0x0800481e   0x00000002   PAD
    0x08004820   0x08004820   0x0000009a   Code   RO         1934    .text.MQTT_Publish_Raw  mqtt.o
    0x080048ba   0x080048ba   0x00000002   PAD
    0x080048bc   0x080048bc   0x00000064   Code   RO         1936    .text.MQTT_Subscribe  mqtt.o
    0x08004920   0x08004920   0x000001aa   Code   RO           46    .text.MX_GPIO_Init  gpio.o
    0x08004aca   0x08004aca   0x00000002   PAD
    0x08004acc   0x08004acc   0x0000002e   Code   RO           72    .text.MX_IWDG_Init  iwdg.o
    0x08004afa   0x08004afa   0x00000002   PAD
    0x08004afc   0x08004afc   0x0000004e   Code   RO          105    .text.MX_SPI1_Init  spi.o
    0x08004b4a   0x08004b4a   0x00000002   PAD
    0x08004b4c   0x08004b4c   0x000000d6   Code   RO           54    .text.MX_TIM2_Init  tim.o
    0x08004c22   0x08004c22   0x00000002   PAD
    0x08004c24   0x08004c24   0x00000040   Code   RO           81    .text.MX_USART1_UART_Init  usart.o
    0x08004c64   0x08004c64   0x00000040   Code   RO           83    .text.MX_USART2_UART_Init  usart.o
    0x08004ca4   0x08004ca4   0x00000040   Code   RO           85    .text.MX_USART3_UART_Init  usart.o
    0x08004ce4   0x08004ce4   0x00000004   Code   RO          145    .text.MemManage_Handler  stm32f1xx_it.o
    0x08004ce8   0x08004ce8   0x0000001a   Code   RO         1955    .text.MySPI_CS_Clr  myspi.o
    0x08004d02   0x08004d02   0x00000002   PAD
    0x08004d04   0x08004d04   0x0000001a   Code   RO         1957    .text.MySPI_CS_Set  myspi.o
    0x08004d1e   0x08004d1e   0x00000002   PAD
    0x08004d20   0x08004d20   0x00000042   Code   RO         1963    .text.MySPI_ReadReg  myspi.o
    0x08004d62   0x08004d62   0x00000002   PAD
    0x08004d64   0x08004d64   0x0000002e   Code   RO         1959    .text.MySPI_SendByte  myspi.o
    0x08004d92   0x08004d92   0x00000002   PAD
    0x08004d94   0x08004d94   0x00000046   Code   RO         1961    .text.MySPI_WriteReg  myspi.o
    0x08004dda   0x08004dda   0x00000002   PAD
    0x08004ddc   0x08004ddc   0x00000004   Code   RO          141    .text.NMI_Handler   stm32f1xx_it.o
    0x08004de0   0x08004de0   0x0000006c   Code   RO          709    .text.NVIC_EncodePriority  stm32f1xx_hal_cortex.o
    0x08004e4c   0x08004e4c   0x00000070   Code   RO         1261    .text.OLED_Clear    oled_i2c.o
    0x08004ebc   0x08004ebc   0x00000078   Code   RO         1263    .text.OLED_Clear_sw  oled_i2c.o
    0x08004f34   0x08004f34   0x000000c6   Code   RO         1283    .text.OLED_Init     oled_i2c.o
    0x08004ffa   0x08004ffa   0x00000002   PAD
    0x08004ffc   0x08004ffc   0x0000003c   Code   RO         1253    .text.OLED_Set_Pos  oled_i2c.o
    0x08005038   0x08005038   0x000000c8   Code   RO         1279    .text.OLED_ShowCHinese  oled_i2c.o
    0x08005100   0x08005100   0x00000138   Code   RO         1267    .text.OLED_ShowChar  oled_i2c.o
    0x08005238   0x08005238   0x00000248   Code   RO         1269    .text.OLED_ShowChar_Complete  oled_i2c.o
    0x08005480   0x08005480   0x000000ee   Code   RO         1271    .text.OLED_ShowNum  oled_i2c.o
    0x0800556e   0x0800556e   0x00000002   PAD
    0x08005570   0x08005570   0x0000008c   Code   RO         1277    .text.OLED_ShowString  oled_i2c.o
    0x080055fc   0x080055fc   0x0000002c   Code   RO         1245    .text.OLED_WR_Byte  oled_i2c.o
    0x08005628   0x08005628   0x00000036   Code   RO         1251    .text.OLED_WR_Byte_Inverse  oled_i2c.o
    0x0800565e   0x0800565e   0x00000002   PAD
    0x08005660   0x08005660   0x00000044   Code   RO         1183    .text.PS_DeletChar  as608.o
    0x080056a4   0x080056a4   0x0000002a   Code   RO         1177    .text.PS_GenChar    as608.o
    0x080056ce   0x080056ce   0x00000002   PAD
    0x080056d0   0x080056d0   0x0000001a   Code   RO         1173    .text.PS_GetImage   as608.o
    0x080056ea   0x080056ea   0x00000002   PAD
    0x080056ec   0x080056ec   0x0000008c   Code   RO         1187    .text.PS_HighSpeedSearch  as608.o
    0x08005778   0x08005778   0x0000001a   Code   RO         1179    .text.PS_RegModel   as608.o
    0x08005792   0x08005792   0x00000002   PAD
    0x08005794   0x08005794   0x0000003e   Code   RO         1181    .text.PS_StoreChar  as608.o
    0x080057d2   0x080057d2   0x0000000e   PAD
    0x080057e0   0x080057e0   0x00000044   Code   RO         1462    .text.PendSV_Handler  port.o
    0x08005824   0x08005824   0x0000003a   Code   RO          593    .text.RCC_Delay     stm32f1xx_hal_rcc.o
    0x0800585e   0x0800585e   0x00000002   PAD
    0x08005860   0x08005860   0x0000006a   Code   RO          917    .text.SPI_EndRxTxTransaction  stm32f1xx_hal_spi.o
    0x080058ca   0x080058ca   0x00000002   PAD
    0x080058cc   0x080058cc   0x0000012a   Code   RO         1015    .text.SPI_WaitFlagStateUntilTimeout  stm32f1xx_hal_spi.o
    0x080059f6   0x080059f6   0x0000000a   PAD
    0x08005a00   0x08005a00   0x00000024   Code   RO         1448    .text.SVC_Handler   port.o
    0x08005a24   0x08005a24   0x00000012   Code   RO         1350    .text.Servo_Init    servo.o
    0x08005a36   0x08005a36   0x00000002   PAD
    0x08005a38   0x08005a38   0x0000003a   Code   RO         1352    .text.Servo_SetAngle  servo.o
    0x08005a72   0x08005a72   0x00000002   PAD
    0x08005a74   0x08005a74   0x0000003e   Code   RO         2044    .text.Success_Sound  doorlockcontrol.o
    0x08005ab2   0x08005ab2   0x00000002   PAD
    0x08005ab4   0x08005ab4   0x00000014   Code   RO          153    .text.SysTick_Handler  stm32f1xx_it.o
    0x08005ac8   0x08005ac8   0x00000070   Code   RO           26    .text.SystemClock_Config  init.o
    0x08005b38   0x08005b38   0x00000002   Code   RO         1155    .text.SystemInit    system_stm32f1xx.o
    0x08005b3a   0x08005b3a   0x00000002   PAD
    0x08005b3c   0x08005b3c   0x000001b2   Code   RO           24    .text.System_Init   init.o
    0x08005cee   0x08005cee   0x00000002   PAD
    0x08005cf0   0x08005cf0   0x00000010   Code   RO          155    .text.TIM4_IRQHandler  stm32f1xx_it.o
    0x08005d00   0x08005d00   0x00000106   Code   RO          186    .text.TIM_Base_SetConfig  stm32f1xx_hal_tim.o
    0x08005e06   0x08005e06   0x00000002   PAD
    0x08005e08   0x08005e08   0x00000036   Code   RO          220    .text.TIM_CCxChannelCmd  stm32f1xx_hal_tim.o
    0x08005e3e   0x08005e3e   0x00000002   PAD
    0x08005e40   0x08005e40   0x00000034   Code   RO          372    .text.TIM_ETR_SetConfig  stm32f1xx_hal_tim.o
    0x08005e74   0x08005e74   0x0000002a   Code   RO          378    .text.TIM_ITRx_SetConfig  stm32f1xx_hal_tim.o
    0x08005e9e   0x08005e9e   0x00000002   PAD
    0x08005ea0   0x08005ea0   0x000000ce   Code   RO          330    .text.TIM_OC1_SetConfig  stm32f1xx_hal_tim.o
    0x08005f6e   0x08005f6e   0x00000002   PAD
    0x08005f70   0x08005f70   0x000000d8   Code   RO          332    .text.TIM_OC2_SetConfig  stm32f1xx_hal_tim.o
    0x08006048   0x08006048   0x000000d6   Code   RO          334    .text.TIM_OC3_SetConfig  stm32f1xx_hal_tim.o
    0x0800611e   0x0800611e   0x00000002   PAD
    0x08006120   0x08006120   0x00000096   Code   RO          336    .text.TIM_OC4_SetConfig  stm32f1xx_hal_tim.o
    0x080061b6   0x080061b6   0x00000002   PAD
    0x080061b8   0x080061b8   0x00000050   Code   RO          376    .text.TIM_TI1_ConfigInputStage  stm32f1xx_hal_tim.o
    0x08006208   0x08006208   0x00000052   Code   RO          380    .text.TIM_TI2_ConfigInputStage  stm32f1xx_hal_tim.o
    0x0800625a   0x0800625a   0x00000002   PAD
    0x0800625c   0x0800625c   0x00000020   Code   RO         1112    .text.UART_DMAAbortOnError  stm32f1xx_hal_uart.o
    0x0800627c   0x0800627c   0x00000094   Code   RO         1072    .text.UART_EndRxTransfer  stm32f1xx_hal_uart.o
    0x08006310   0x08006310   0x00000026   Code   RO         1120    .text.UART_EndTransmit_IT  stm32f1xx_hal_uart.o
    0x08006336   0x08006336   0x00000002   PAD
    0x08006338   0x08006338   0x0000016a   Code   RO         1110    .text.UART_Receive_IT  stm32f1xx_hal_uart.o
    0x080064a2   0x080064a2   0x00000002   PAD
    0x080064a4   0x080064a4   0x000000ba   Code   RO         1028    .text.UART_SetConfig  stm32f1xx_hal_uart.o
    0x0800655e   0x0800655e   0x00000002   PAD
    0x08006560   0x08006560   0x00000062   Code   RO         1050    .text.UART_Start_Receive_IT  stm32f1xx_hal_uart.o
    0x080065c2   0x080065c2   0x00000002   PAD
    0x080065c4   0x080065c4   0x00000094   Code   RO         1118    .text.UART_Transmit_IT  stm32f1xx_hal_uart.o
    0x08006658   0x08006658   0x000000da   Code   RO         1042    .text.UART_WaitOnFlagUntilTimeout  stm32f1xx_hal_uart.o
    0x08006732   0x08006732   0x00000002   PAD
    0x08006734   0x08006734   0x00000010   Code   RO          157    .text.USART1_IRQHandler  stm32f1xx_it.o
    0x08006744   0x08006744   0x00000010   Code   RO          159    .text.USART2_IRQHandler  stm32f1xx_it.o
    0x08006754   0x08006754   0x0000000e   Code   RO         2042    .text.Unlock_Door   doorlockcontrol.o
    0x08006762   0x08006762   0x00000002   PAD
    0x08006764   0x08006764   0x00000004   Code   RO          149    .text.UsageFault_Handler  stm32f1xx_it.o
    0x08006768   0x08006768   0x000000b0   Code   RO         1287    .text.Write_IIC_Byte  oled_i2c.o
    0x08006818   0x08006818   0x00000034   Code   RO         1249    .text.Write_IIC_Command  oled_i2c.o
    0x0800684c   0x0800684c   0x00000034   Code   RO         1247    .text.Write_IIC_Data  oled_i2c.o
    0x08006880   0x08006880   0x00000030   Code   RO          713    .text.__NVIC_EnableIRQ  stm32f1xx_hal_cortex.o
    0x080068b0   0x080068b0   0x00000010   Code   RO          705    .text.__NVIC_GetPriorityGrouping  stm32f1xx_hal_cortex.o
    0x080068c0   0x080068c0   0x00000042   Code   RO          707    .text.__NVIC_SetPriority  stm32f1xx_hal_cortex.o
    0x08006902   0x08006902   0x00000002   PAD
    0x08006904   0x08006904   0x0000003c   Code   RO          701    .text.__NVIC_SetPriorityGrouping  stm32f1xx_hal_cortex.o
    0x08006940   0x08006940   0x000000e2   Code   RO         2109    .text.add_card      storage.o
    0x08006a22   0x08006a22   0x00000002   PAD
    0x08006a24   0x08006a24   0x0000015e   Code   RO         2067    .text.add_card_ui   manage.o
    0x08006b82   0x08006b82   0x00000002   PAD
    0x08006b84   0x08006b84   0x00000224   Code   RO         2105    .text.add_fingerprint  storage.o
    0x08006da8   0x08006da8   0x0000015e   Code   RO         2063    .text.add_fingerprint_ui  manage.o
    0x08006f06   0x08006f06   0x00000002   PAD
    0x08006f08   0x08006f08   0x0000005c   Code   RO         2087    .text.connect_mqtt  network.o
    0x08006f64   0x08006f64   0x00000026   Code   RO         2083    .text.connect_wifi  network.o
    0x08006f8a   0x08006f8a   0x00000002   PAD
    0x08006f8c   0x08006f8c   0x0000015e   Code   RO         2069    .text.del_card_ui   manage.o
    0x080070ea   0x080070ea   0x00000002   PAD
    0x080070ec   0x080070ec   0x0000015e   Code   RO         2065    .text.del_fingerprint_ui  manage.o
    0x0800724a   0x0800724a   0x00000002   PAD
    0x0800724c   0x0800724c   0x0000007c   Code   RO         2111    .text.delete_card   storage.o
    0x080072c8   0x080072c8   0x00000024   Code   RO         2107    .text.delete_fingerprint  storage.o
    0x080072ec   0x080072ec   0x00000054   Code   RO         1901    .text.display_char  display.o
    0x08007340   0x08007340   0x00000052   Code   RO         1909    .text.display_chinese  display.o
    0x08007392   0x08007392   0x00000002   PAD
    0x08007394   0x08007394   0x00000084   Code   RO         1911    .text.display_chineses  display.o
    0x08007418   0x08007418   0x00000036   Code   RO         1913    .text.display_clear  display.o
    0x0800744e   0x0800744e   0x00000002   PAD
    0x08007450   0x08007450   0x0000005a   Code   RO         1915    .text.display_clear_area  display.o
    0x080074aa   0x080074aa   0x00000002   PAD
    0x080074ac   0x080074ac   0x00000060   Code   RO         1905    .text.display_number  display.o
    0x0800750c   0x0800750c   0x00000058   Code   RO         1903    .text.display_string  display.o
    0x08007564   0x08007564   0x0000010a   Code   RO         2059    .text.display_title  manage.o
    0x0800766e   0x0800766e   0x00000002   PAD
    0x08007670   0x08007670   0x00000134   Code   RO         2038    .text.doorLock_init  doorlockcontrol.o
    0x080077a4   0x080077a4   0x00000080   Code   RO         2123    .text.fingerprint_verify  verify.o
    0x08007824   0x08007824   0x00000022   Code   RO           91    .text.fputc         usart.o
    0x08007846   0x08007846   0x00000002   PAD
    0x08007848   0x08007848   0x00000014   Code   RO           12    .text.main          main.o
    0x0800785c   0x0800785c   0x000000e0   Code   RO         2057    .text.manage_ui     manage.o
    0x0800793c   0x0800793c   0x00000242   Code   RO         2093    .text.network_cmd_process  network.o
    0x08007b7e   0x08007b7e   0x00000002   PAD
    0x08007b80   0x08007b80   0x0000005a   Code   RO         2081    .text.network_init  network.o
    0x08007bda   0x08007bda   0x00000002   PAD
    0x08007bdc   0x08007bdc   0x00000040   Code   RO         2091    .text.network_ping  network.o
    0x08007c1c   0x08007c1c   0x000000b0   Code   RO         2125    .text.nfc_verify    verify.o
    0x08007ccc   0x08007ccc   0x00000030   Code   RO         1273    .text.oled_pow      oled_i2c.o
    0x08007cfc   0x08007cfc   0x00000146   Code   RO         2127    .text.password_verify  verify.o
    0x08007e42   0x08007e42   0x00000002   PAD
    0x08007e44   0x08007e44   0x0000004a   Code   RO         2061    .text.process_admin_selection  manage.o
    0x08007e8e   0x08007e8e   0x00000002   PAD
    0x08007e90   0x08007e90   0x00000126   Code   RO         1671    .text.prvAddCurrentTaskToDelayedList  tasks.o
    0x08007fb6   0x08007fb6   0x00000002   PAD
    0x08007fb8   0x08007fb8   0x00000160   Code   RO         1659    .text.prvAddNewTaskToReadyList  tasks.o
    0x08008118   0x08008118   0x0000006a   Code   RO         1831    .text.prvCheckForValidListAndQueue  timers.o
    0x08008182   0x08008182   0x00000002   PAD
    0x08008184   0x08008184   0x0000005a   Code   RO         1705    .text.prvCheckTasksWaitingTermination  tasks.o
    0x080081de   0x080081de   0x00000002   PAD
    0x080081e0   0x080081e0   0x00000042   Code   RO         1549    .text.prvCopyDataFromQueue  queue.o
    0x08008222   0x08008222   0x00000002   PAD
    0x08008224   0x08008224   0x000000cc   Code   RO         1537    .text.prvCopyDataToQueue  queue.o
    0x080082f0   0x080082f0   0x00000092   Code   RO         1701    .text.prvCreateIdleTasks  tasks.o
    0x08008382   0x08008382   0x00000002   PAD
    0x08008384   0x08008384   0x00000088   Code   RO         1657    .text.prvCreateTask  tasks.o
    0x0800840c   0x0800840c   0x00000018   Code   RO         1665    .text.prvDeleteTCB  tasks.o
    0x08008424   0x08008424   0x00000026   Code   RO         1555    .text.prvGetDisinheritPriorityAfterTimeout  queue.o
    0x0800844a   0x0800844a   0x00000002   PAD
    0x0800844c   0x0800844c   0x00000040   Code   RO         1869    .text.prvGetNextExpireTime  timers.o
    0x0800848c   0x0800848c   0x000000aa   Code   RO         1412    .text.prvHeapInit   heap_4.o
    0x08008536   0x08008536   0x00000002   PAD
    0x08008538   0x08008538   0x00000038   Code   RO         1797    .text.prvIdleTask   tasks.o
    0x08008570   0x08008570   0x0000002c   Code   RO         1531    .text.prvInitialiseMutex  queue.o
    0x0800859c   0x0800859c   0x00000048   Code   RO         1527    .text.prvInitialiseNewQueue  queue.o
    0x080085e4   0x080085e4   0x000000e6   Code   RO         1793    .text.prvInitialiseNewTask  tasks.o
    0x080086ca   0x080086ca   0x00000002   PAD
    0x080086cc   0x080086cc   0x00000052   Code   RO         1837    .text.prvInitialiseNewTimer  timers.o
    0x0800871e   0x0800871e   0x00000002   PAD
    0x08008720   0x08008720   0x0000008e   Code   RO         1795    .text.prvInitialiseTaskLists  tasks.o
    0x080087ae   0x080087ae   0x00000002   PAD
    0x080087b0   0x080087b0   0x000000d8   Code   RO         1416    .text.prvInsertBlockIntoFreeList  heap_4.o
    0x08008888   0x08008888   0x00000086   Code   RO         1883    .text.prvInsertTimerInActiveList  timers.o
    0x0800890e   0x0800890e   0x00000002   PAD
    0x08008910   0x08008910   0x00000028   Code   RO         1551    .text.prvIsQueueEmpty  queue.o
    0x08008938   0x08008938   0x0000002e   Code   RO         1539    .text.prvIsQueueFull  queue.o
    0x08008966   0x08008966   0x00000002   PAD
    0x08008968   0x08008968   0x00000020   Code   RO         1454    .text.prvPortStartFirstTask  port.o
    0x08008988   0x08008988   0x00000054   Code   RO         1877    .text.prvProcessExpiredTimer  timers.o
    0x080089dc   0x080089dc   0x0000012e   Code   RO         1873    .text.prvProcessReceivedCommands  timers.o
    0x08008b0a   0x08008b0a   0x00000002   PAD
    0x08008b0c   0x08008b0c   0x0000009a   Code   RO         1871    .text.prvProcessTimerOrBlockTask  timers.o
    0x08008ba6   0x08008ba6   0x00000002   PAD
    0x08008ba8   0x08008ba8   0x00000034   Code   RO         1881    .text.prvReloadTimer  timers.o
    0x08008bdc   0x08008bdc   0x0000003c   Code   RO         1663    .text.prvResetNextTaskUnblockTime  tasks.o
    0x08008c18   0x08008c18   0x00000044   Code   RO         1875    .text.prvSampleTimeNow  timers.o
    0x08008c5c   0x08008c5c   0x00000052   Code   RO         1879    .text.prvSwitchTimerLists  timers.o
    0x08008cae   0x08008cae   0x00000002   PAD
    0x08008cb0   0x08008cb0   0x00000026   Code   RO         1446    .text.prvTaskExitError  port.o
    0x08008cd6   0x08008cd6   0x00000002   PAD
    0x08008cd8   0x08008cd8   0x0000001e   Code   RO         1833    .text.prvTimerTask  timers.o
    0x08008cf6   0x08008cf6   0x00000002   PAD
    0x08008cf8   0x08008cf8   0x000000ae   Code   RO         1541    .text.prvUnlockQueue  queue.o
    0x08008da6   0x08008da6   0x00000002   PAD
    0x08008da8   0x08008da8   0x000001b6   Code   RO         1410    .text.pvPortMalloc  heap_4.o
    0x08008f5e   0x08008f5e   0x00000002   PAD
    0x08008f60   0x08008f60   0x00000024   Code   RO         1775    .text.pvTaskIncrementMutexHeldCount  tasks.o
    0x08008f84   0x08008f84   0x00000050   Code   RO         1444    .text.pxPortInitialiseStack  port.o
    0x08008fd4   0x08008fd4   0x00000052   Code   RO         2113    .text.set_password  storage.o
    0x08009026   0x08009026   0x00000002   PAD
    0x08009028   0x08009028   0x00000204   Code   RO         2071    .text.set_password_ui  manage.o
    0x0800922c   0x0800922c   0x00000048   Code   RO         1514    .text.uxListRemove  list.o
    0x08009274   0x08009274   0x000003ae   Code   RO         1976    .text.vDoorLockControlTask  doorlockcontrol_task.o
    0x08009622   0x08009622   0x00000002   PAD
    0x08009624   0x08009624   0x0000004e   Code   RO         1985    .text.vFingerTask   finger_task.o
    0x08009672   0x08009672   0x00000002   PAD
    0x08009674   0x08009674   0x0000001e   Code   RO         1993    .text.vIWDGRefreshTask  iwdgrefresh_task.o
    0x08009692   0x08009692   0x00000002   PAD
    0x08009694   0x08009694   0x000000a0   Code   RO         2001    .text.vKeypadTask   keypad_task.o
    0x08009734   0x08009734   0x0000002e   Code   RO         1506    .text.vListInitialise  list.o
    0x08009762   0x08009762   0x00000002   PAD
    0x08009764   0x08009764   0x0000000e   Code   RO         1508    .text.vListInitialiseItem  list.o
    0x08009772   0x08009772   0x00000002   PAD
    0x08009774   0x08009774   0x0000006a   Code   RO         1512    .text.vListInsert   list.o
    0x080097de   0x080097de   0x00000002   PAD
    0x080097e0   0x080097e0   0x0000004e   Code   RO         2018    .text.vNFCTask      nfc_task.o
    0x0800982e   0x0800982e   0x00000002   PAD
    0x08009830   0x08009830   0x000000fa   Code   RO         2009    .text.vNetworkTask  network_task.o
    0x0800992a   0x0800992a   0x00000002   PAD
    0x0800992c   0x0800992c   0x00000030   Code   RO         1458    .text.vPortEnterCritical  port.o
    0x0800995c   0x0800995c   0x00000026   Code   RO         1460    .text.vPortExitCritical  port.o
    0x08009982   0x08009982   0x00000002   PAD
    0x08009984   0x08009984   0x00000076   Code   RO         1414    .text.vPortFree     heap_4.o
    0x080099fa   0x080099fa   0x00000002   PAD
    0x080099fc   0x080099fc   0x0000002e   Code   RO         1452    .text.vPortSetupTimerInterrupt  port.o
    0x08009a2a   0x08009a2a   0x00000002   PAD
    0x08009a2c   0x08009a2c   0x00000064   Code   RO         1585    .text.vQueueWaitForMessageRestricted  queue.o
    0x08009a90   0x08009a90   0x0000004a   Code   RO         1675    .text.vTaskDelay    tasks.o
    0x08009ada   0x08009ada   0x00000002   PAD
    0x08009adc   0x08009adc   0x00000024   Code   RO         1739    .text.vTaskInternalSetTimeOutState  tasks.o
    0x08009b00   0x08009b00   0x0000000e   Code   RO         1743    .text.vTaskMissedYield  tasks.o
    0x08009b0e   0x08009b0e   0x00000002   PAD
    0x08009b10   0x08009b10   0x00000026   Code   RO         1727    .text.vTaskPlaceOnEventList  tasks.o
    0x08009b36   0x08009b36   0x00000002   PAD
    0x08009b38   0x08009b38   0x00000064   Code   RO         1731    .text.vTaskPlaceOnEventListRestricted  tasks.o
    0x08009b9c   0x08009b9c   0x00000140   Code   RO         1765    .text.vTaskPriorityDisinheritAfterTimeout  tasks.o
    0x08009cdc   0x08009cdc   0x00000072   Code   RO         1699    .text.vTaskStartScheduler  tasks.o
    0x08009d4e   0x08009d4e   0x00000002   PAD
    0x08009d50   0x08009d50   0x00000010   Code   RO         1669    .text.vTaskSuspendAll  tasks.o
    0x08009d60   0x08009d60   0x000000a2   Code   RO         1691    .text.vTaskSwitchContext  tasks.o
    0x08009e02   0x08009e02   0x00000002   PAD
    0x08009e04   0x08009e04   0x0000003e   Code   RO         2028    .text.vTimerCallback  verify_task.o
    0x08009e42   0x08009e42   0x00000002   PAD
    0x08009e44   0x08009e44   0x00000330   Code   RO         2026    .text.vVerifyTask   verify_task.o
    0x0800a174   0x0800a174   0x00000040   Code   RO         1450    .text.xPortStartScheduler  port.o
    0x0800a1b4   0x0800a1b4   0x0000003c   Code   RO         1464    .text.xPortSysTickHandler  port.o
    0x0800a1f0   0x0800a1f0   0x00000042   Code   RO         1533    .text.xQueueCreateCountingSemaphore  queue.o
    0x0800a232   0x0800a232   0x00000002   PAD
    0x0800a234   0x0800a234   0x00000026   Code   RO         1529    .text.xQueueCreateMutex  queue.o
    0x0800a25a   0x0800a25a   0x00000002   PAD
    0x0800a25c   0x0800a25c   0x0000007e   Code   RO         1525    .text.xQueueGenericCreate  queue.o
    0x0800a2da   0x0800a2da   0x00000002   PAD
    0x0800a2dc   0x0800a2dc   0x000000d0   Code   RO         1523    .text.xQueueGenericReset  queue.o
    0x0800a3ac   0x0800a3ac   0x0000016a   Code   RO         1535    .text.xQueueGenericSend  queue.o
    0x0800a516   0x0800a516   0x00000002   PAD
    0x0800a518   0x0800a518   0x00000152   Code   RO         1547    .text.xQueueReceive  queue.o
    0x0800a66a   0x0800a66a   0x00000002   PAD
    0x0800a66c   0x0800a66c   0x0000019e   Code   RO         1553    .text.xQueueSemaphoreTake  queue.o
    0x0800a80a   0x0800a80a   0x00000002   PAD
    0x0800a80c   0x0800a80c   0x0000009a   Code   RO         1741    .text.xTaskCheckForTimeOut  tasks.o
    0x0800a8a6   0x0800a8a6   0x00000002   PAD
    0x0800a8a8   0x0800a8a8   0x00000052   Code   RO         1655    .text.xTaskCreate   tasks.o
    0x0800a8fa   0x0800a8fa   0x00000002   PAD
    0x0800a8fc   0x0800a8fc   0x000000ba   Code   RO         1667    .text.xTaskDelayUntil  tasks.o
    0x0800a9b6   0x0800a9b6   0x00000002   PAD
    0x0800a9b8   0x0800a9b8   0x000001be   Code   RO         1781    .text.xTaskGenericNotify  tasks.o
    0x0800ab76   0x0800ab76   0x00000002   PAD
    0x0800ab78   0x0800ab78   0x0000022c   Code   RO         1783    .text.xTaskGenericNotifyFromISR  tasks.o
    0x0800ada4   0x0800ada4   0x0000012c   Code   RO         1779    .text.xTaskGenericNotifyWait  tasks.o
    0x0800aed0   0x0800aed0   0x00000038   Code   RO         1759    .text.xTaskGetSchedulerState  tasks.o
    0x0800af08   0x0800af08   0x00000014   Code   RO         1709    .text.xTaskGetTickCount  tasks.o
    0x0800af1c   0x0800af1c   0x0000024e   Code   RO         1707    .text.xTaskIncrementTick  tasks.o
    0x0800b16a   0x0800b16a   0x00000002   PAD
    0x0800b16c   0x0800b16c   0x000000fa   Code   RO         1763    .text.xTaskPriorityDisinherit  tasks.o
    0x0800b266   0x0800b266   0x00000002   PAD
    0x0800b268   0x0800b268   0x00000164   Code   RO         1761    .text.xTaskPriorityInherit  tasks.o
    0x0800b3cc   0x0800b3cc   0x00000184   Code   RO         1733    .text.xTaskRemoveFromEventList  tasks.o
    0x0800b550   0x0800b550   0x0000022e   Code   RO         1673    .text.xTaskResumeAll  tasks.o
    0x0800b77e   0x0800b77e   0x00000002   PAD
    0x0800b780   0x0800b780   0x0000004a   Code   RO         1835    .text.xTimerCreate  timers.o
    0x0800b7ca   0x0800b7ca   0x00000002   PAD
    0x0800b7cc   0x0800b7cc   0x00000050   Code   RO         1829    .text.xTimerCreateTimerTask  timers.o
    0x0800b81c   0x0800b81c   0x0000007c   Code   RO         1839    .text.xTimerGenericCommandFromTask  timers.o
    0x0800b898   0x0800b898   0x00000030   Code   RO         1857    .text.xTimerIsTimerActive  timers.o
    0x0800b8c8   0x0800b8c8   0x00000020   Code   RO         2155    i.__0printf         mc_w.l(printfa.o)
    0x0800b8e8   0x0800b8e8   0x00000028   Code   RO         2157    i.__0sprintf        mc_w.l(printfa.o)
    0x0800b910   0x0800b910   0x00000008   Code   RO         2224    i.__aeabi_errno_addr  mc_w.l(errno.o)
    0x0800b918   0x0800b918   0x0000000e   Code   RO         2290    i.__scatterload_copy  mc_w.l(handlers.o)
    0x0800b926   0x0800b926   0x00000002   Code   RO         2291    i.__scatterload_null  mc_w.l(handlers.o)
    0x0800b928   0x0800b928   0x0000000e   Code   RO         2292    i.__scatterload_zeroinit  mc_w.l(handlers.o)
    0x0800b936   0x0800b936   0x00000002   PAD
    0x0800b938   0x0800b938   0x00000184   Code   RO         2162    i._fp_digits        mc_w.l(printfa.o)
    0x0800babc   0x0800babc   0x000006dc   Code   RO         2163    i._printf_core      mc_w.l(printfa.o)
    0x0800c198   0x0800c198   0x00000024   Code   RO         2164    i._printf_post_padding  mc_w.l(printfa.o)
    0x0800c1bc   0x0800c1bc   0x0000002e   Code   RO         2165    i._printf_pre_padding  mc_w.l(printfa.o)
    0x0800c1ea   0x0800c1ea   0x0000000a   Code   RO         2167    i._sputc            mc_w.l(printfa.o)
    0x0800c1f4   0x0800c1f4   0x00000081   Data   RO         2255    .constdata          mc_w.l(ctype_o.o)
    0x0800c275   0x0800c275   0x00000003   PAD
    0x0800c278   0x0800c278   0x00000004   Data   RO         2256    .constdata          mc_w.l(ctype_o.o)
    0x0800c27c   0x0800c27c   0x00000010   Data   RO         1160    .rodata.AHBPrescTable  system_stm32f1xx.o
    0x0800c28c   0x0800c28c   0x00000008   Data   RO         1161    .rodata.APBPrescTable  system_stm32f1xx.o
    0x0800c294   0x0800c294   0x00000228   Data   RO         1293    .rodata.F6x8        oled_i2c.o
    0x0800c4bc   0x0800c4bc   0x000005e0   Data   RO         1294    .rodata.F8X16       oled_i2c.o
    0x0800ca9c   0x0800ca9c   0x00000010   Data   RO          619    .rodata.HAL_RCC_GetSysClockFreq.aPLLMULFactorTable  stm32f1xx_hal_rcc.o
    0x0800caac   0x0800caac   0x00000002   Data   RO          620    .rodata.HAL_RCC_GetSysClockFreq.aPredivFactorTable  stm32f1xx_hal_rcc.o
    0x0800caae   0x0800caae   0x00000d40   Data   RO         1295    .rodata.Hzk         oled_i2c.o
    0x0800d7ee   0x0800d7ee   0x0000000c   Data   RO         1223    .rodata.Keypad_map  keypad.o
    0x0800d7fa   0x0800d7fa   0x00000006   Data   RO         1222    .rodata.col_pins    keypad.o
    0x0800d800   0x0800d800   0x00000008   Data   RO         1220    .rodata.row_pins    keypad.o
    0x0800d808   0x0800d808   0x00000060   Data   RO           31    .rodata.str1.1      init.o
    0x0800d868   0x0800d868   0x0000000d   Data   RO          161    .rodata.str1.1      stm32f1xx_it.o
    0x0800d875   0x0800d875   0x0000009f   Data   RO         1402    .rodata.str1.1      esp8266.o
    0x0800d914   0x0800d914   0x00000014   Data   RO         1819    .rodata.str1.1      tasks.o
    0x0800d928   0x0800d928   0x00000008   Data   RO         1886    .rodata.str1.1      timers.o
    0x0800d930   0x0800d930   0x000000af   Data   RO         1946    .rodata.str1.1      mqtt.o
    0x0800d9df   0x0800d9df   0x000000a9   Data   RO         2011    .rodata.str1.1      network_task.o
    0x0800da88   0x0800da88   0x0000002a   Data   RO         2030    .rodata.str1.1      verify_task.o
    0x0800dab2   0x0800dab2   0x00000020   Data   RO         2049    .rodata.str1.1      doorlockcontrol.o
    0x0800dad2   0x0800dad2   0x00000033   Data   RO         2073    .rodata.str1.1      manage.o
    0x0800db05   0x0800db05   0x0000016a   Data   RO         2096    .rodata.str1.1      network.o
    0x0800dc6f   0x0800dc6f   0x00000001   PAD
    0x0800dc70   0x0800dc70   0x00000004   Data   RO         1816    .rodata.uxTopUsedPriority  tasks.o
    0x0800dc74   0x0800dc74   0x00000020   Data   RO         2289    Region$$Table       anon$$obj.o


    Execution Region RW_IRAM1 (Exec base: 0x20000000, Load base: 0x0800dc98, Size: 0x00003718, Max: 0x00005000, ABSOLUTE)

    Exec Addr    Load Addr    Size         Type   Attr      Idx    E Section Name        Object

    0x20000000   0x0800dc98   0x00000004   Data   RW         2210    .data               mc_w.l(stdout.o)
    0x20000004   0x0800dc9c   0x00000004   Data   RW         2227    .data               mc_w.l(errno.o)
    0x20000008   0x0800dca0   0x00000004   Data   RW         1159    .data.SystemCoreClock  system_stm32f1xx.o
    0x2000000c   0x0800dca4   0x0000000c   Data   RW         1221    .data.col_ports     keypad.o
    0x20000018   0x0800dcb0   0x00000010   Data   RW         1219    .data.row_ports     keypad.o
    0x20000028   0x0800dcc0   0x00000001   Data   RW          580    .data.uwTickFreq    stm32f1xx_hal.o
    0x20000029   0x0800dcc1   0x00000003   PAD
    0x2000002c   0x0800dcc4   0x00000004   Data   RW          579    .data.uwTickPrio    stm32f1xx_hal.o
    0x20000030   0x0800dcc8   0x00000004   Data   RW         1466    .data.uxCriticalNesting  port.o
    0x20000034   0x0800dccc   0x00000004   PAD
    0x20000038        -       0x00000004   Zero   RW           38    .bss.IWDGRefreshTask_handle  init.o
    0x2000003c        -       0x00000001   Zero   RW         1225    .bss.Keypad_Scan.long_press_detected  keypad.o
    0x2000003d   0x0800dccc   0x00000003   PAD
    0x20000040        -       0x00000004   Zero   RW         1224    .bss.Keypad_Scan.press_start_time  keypad.o
    0x20000044        -       0x00000004   Zero   RW           36    .bss.NFCTask_handle  init.o
    0x20000048        -       0x00000044   Zero   RW         2048    .bss.doorLock       doorlockcontrol.o
    0x2000008c        -       0x00000004   Zero   RW           32    .bss.doorLockControlTask_handle  init.o
    0x20000090        -       0x00000004   Zero   RW           33    .bss.fingerTask_handle  init.o
    0x20000094        -       0x00000018   Zero   RW           28    .bss.has608         init.o
    0x200000ac        -       0x0000020c   Zero   RW         2095    .bss.hesp           network.o
    0x200002b8        -       0x0000000c   Zero   RW           74    .bss.hiwdg          iwdg.o
    0x200002c4        -       0x0000000c   Zero   RW           29    .bss.hrc522         init.o
    0x200002d0        -       0x00000058   Zero   RW          111    .bss.hspi1          spi.o
    0x20000328        -       0x00000048   Zero   RW           64    .bss.htim2          tim.o
    0x20000370        -       0x00000048   Zero   RW          133    .bss.htim4          stm32f1xx_hal_timebase_tim.o
    0x200003b8        -       0x00000048   Zero   RW           95    .bss.huart1         usart.o
    0x20000400        -       0x00000048   Zero   RW           96    .bss.huart2         usart.o
    0x20000448        -       0x00000048   Zero   RW           97    .bss.huart3         usart.o
    0x20000490        -       0x00000004   Zero   RW           34    .bss.keypadTask_handle  init.o
    0x20000494        -       0x000000b0   Zero   RW         2097    .bss.mqtt_client    network.o
    0x20000544        -       0x00000004   Zero   RW           35    .bss.networkTask_handle  init.o
    0x20000548        -       0x00000004   Zero   RW         1890    .bss.prvSampleTimeNow.xLastTime  timers.o
    0x2000054c        -       0x00000004   Zero   RW         1799    .bss.pxCurrentTCB   tasks.o
    0x20000550        -       0x00000004   Zero   RW         1888    .bss.pxCurrentTimerList  timers.o
    0x20000554        -       0x00000004   Zero   RW         1808    .bss.pxDelayedTaskList  tasks.o
    0x20000558        -       0x00000004   Zero   RW         1430    .bss.pxEnd          heap_4.o
    0x2000055c        -       0x00000004   Zero   RW         1809    .bss.pxOverflowDelayedTaskList  tasks.o
    0x20000560        -       0x00000004   Zero   RW         1889    .bss.pxOverflowTimerList  timers.o
    0x20000564        -       0x000000c8   Zero   RW         1800    .bss.pxReadyTasksLists  tasks.o
    0x2000062c        -       0x00002800   Zero   RW         1436    .bss.ucHeap         heap_4.o
    0x20002e2c        -       0x00000004   Zero   RW          581    .bss.uwTick         stm32f1xx_hal.o
    0x20002e30        -       0x00000004   Zero   RW         1806    .bss.uxCurrentNumberOfTasks  tasks.o
    0x20002e34        -       0x00000004   Zero   RW         1805    .bss.uxDeletedTasksWaitingCleanUp  tasks.o
    0x20002e38        -       0x00000004   Zero   RW         1812    .bss.uxSchedulerSuspended  tasks.o
    0x20002e3c        -       0x00000004   Zero   RW         1802    .bss.uxTaskNumber   tasks.o
    0x20002e40        -       0x00000004   Zero   RW         1801    .bss.uxTopReadyPriority  tasks.o
    0x20002e44        -       0x00000004   Zero   RW           37    .bss.verifyTask_handle  init.o
    0x20002e48        -       0x00000014   Zero   RW         1891    .bss.xActiveTimerList1  timers.o
    0x20002e5c        -       0x00000014   Zero   RW         1892    .bss.xActiveTimerList2  timers.o
    0x20002e70        -       0x00000014   Zero   RW         1820    .bss.xDelayedTaskList1  tasks.o
    0x20002e84        -       0x00000014   Zero   RW         1821    .bss.xDelayedTaskList2  tasks.o
    0x20002e98        -       0x00000004   Zero   RW         1431    .bss.xFreeBytesRemaining  heap_4.o
    0x20002e9c        -       0x00000004   Zero   RW         1815    .bss.xIdleTaskHandles  tasks.o
    0x20002ea0        -       0x00000004   Zero   RW         1433    .bss.xMinimumEverFreeBytesRemaining  heap_4.o
    0x20002ea4        -       0x00000004   Zero   RW         1814    .bss.xNextTaskUnblockTime  tasks.o
    0x20002ea8        -       0x00000004   Zero   RW         1818    .bss.xNumOfOverflows  tasks.o
    0x20002eac        -       0x00000004   Zero   RW         1434    .bss.xNumberOfSuccessfulAllocations  heap_4.o
    0x20002eb0        -       0x00000004   Zero   RW         1435    .bss.xNumberOfSuccessfulFrees  heap_4.o
    0x20002eb4        -       0x00000004   Zero   RW         1817    .bss.xPendedTicks   tasks.o
    0x20002eb8        -       0x00000014   Zero   RW         1810    .bss.xPendingReadyList  tasks.o
    0x20002ecc        -       0x00000004   Zero   RW         1803    .bss.xSchedulerRunning  tasks.o
    0x20002ed0        -       0x00000004   Zero   RW           30    .bss.xSemphore_Display_Mutex  init.o
    0x20002ed4        -       0x00000008   Zero   RW         1432    .bss.xStart         heap_4.o
    0x20002edc        -       0x00000014   Zero   RW         1811    .bss.xSuspendedTaskList  tasks.o
    0x20002ef0        -       0x00000014   Zero   RW         1804    .bss.xTasksWaitingTermination  tasks.o
    0x20002f04        -       0x00000004   Zero   RW         1807    .bss.xTickCount     tasks.o
    0x20002f08        -       0x00000004   Zero   RW         1885    .bss.xTimerQueue    timers.o
    0x20002f0c        -       0x00000004   Zero   RW         1887    .bss.xTimerTaskHandle  timers.o
    0x20002f10        -       0x00000004   Zero   RW         1813    .bss.xYieldPendings  tasks.o
    0x20002f14   0x0800dccc   0x00000004   PAD
    0x20002f18        -       0x00000800   Zero   RW            1    STACK               startup_stm32f103xb.o


==============================================================================

Image component sizes


      Code (inc. data)   RO Data    RW Data    ZI Data      Debug   Object Name

       916          0          0          0          0       6808   as608.o
       804          0          0          0          0       2709   at24cxx.o
        92          0          0          0          0       1389   buzzer.o
       626          0          0          0          0       2473   display.o
       516          0         32          0         68       2506   doorlockcontrol.o
       942         42          0          0          0       2086   doorlockcontrol_task.o
       570          0        159          0          0       5273   esp8266.o
        78          0          0          0          0       1294   finger_task.o
       426          0          0          0          0       1689   gpio.o
       942          0          0          0      10268       4405   heap_4.o
       546          0         96          0         68       6486   init.o
        46          0          0          0         12       1215   iwdg.o
        30          0          0          0          0        766   iwdgrefresh_task.o
       466          0         26         28          5       1912   keypad.o
       160          0          0          0          0       1359   keypad_task.o
        20          0          0          0          0       1219   led.o
       238          0          0          0          0       2191   list.o
        34          0          0          0          0        543   main.o
      2480         16         51          0          0       3915   manage.o
       572          0        175          0          0       6044   mqtt.o
       234          0          0          0          0       4622   myspi.o
       862          0        362          0        700       5968   network.o
       250          0        169          0          0       1119   network_task.o
        78          0          0          0          0       1195   nfc_task.o
      2542          0       5448          0          0       7125   oled_i2c.o
       510         12          0          4          0       2607   port.o
      2336          0          0          0          0      12118   queue.o
      1242          0          0          0          0       8652   rc522.o
        76          0          0          0          0        756   servo.o
       226          0          0          0         88       4155   spi.o
        36          8        236          0       2048        816   startup_stm32f103xb.o
       142          0          0          5          4       5632   stm32f1xx_hal.o
       384          0          0          0          0       7618   stm32f1xx_hal_cortex.o
       408          0          0          0          0       6371   stm32f1xx_hal_dma.o
       928          0          0          0          0       4296   stm32f1xx_hal_gpio.o
       164          0          0          0          0       1596   stm32f1xx_hal_iwdg.o
       100          0          0          0          0       1270   stm32f1xx_hal_msp.o
      2666          0         18          0          0       7497   stm32f1xx_hal_rcc.o
      1584          0          0          0          0      19003   stm32f1xx_hal_spi.o
      3486         14          0          0          0      35734   stm32f1xx_hal_tim.o
       236          0          0          0          0      15179   stm32f1xx_hal_tim_ex.o
       240          0          0          0         72       5752   stm32f1xx_hal_timebase_tim.o
      3320          0          0          0          0      20123   stm32f1xx_hal_uart.o
       156          0         13          0          0       1984   stm32f1xx_it.o
      1016          0          0          0          0       2126   storage.o
         2          0         24          4          0       1639   system_stm32f1xx.o
      6382         12         24          0        360      26548   tasks.o
       432          0          0          0         72       5660   tim.o
      1484         10          8          0         60       8263   timers.o
       764          0          0          0        216       6517   usart.o
       630          0          0          0          0       1823   verify.o
       878          0         42          0          0       2500   verify_task.o

    ----------------------------------------------------------------------
     44624        114       6916         44      14052     292546   Object Totals
         0          0         32          0          0          0   (incl. Generated)
       326          0          1          3         11          0   (incl. Padding)

    ----------------------------------------------------------------------

      Code (inc. data)   RO Data    RW Data    ZI Data      Debug   Library Member Name

        28          0          0          0          0         68   _chval.o
       158          0          0          0          0         92   _strtoul.o
        26          0          0          0          0         80   atoi.o
         8          4        133          0          0         68   ctype_o.o
         0          0          0          0          0          0   entry.o
         0          0          0          0          0          0   entry10a.o
         0          0          0          0          0          0   entry11a.o
         8          4          0          0          0          0   entry2.o
         4          0          0          0          0          0   entry5.o
         0          0          0          0          0          0   entry7b.o
         0          0          0          0          0          0   entry8b.o
         8          4          0          0          0          0   entry9a.o
         8          4          0          4          0         68   errno.o
        30          0          0          0          0          0   handlers.o
        48         10          0          0          0         68   init.o
         0          0          0          0          0          0   iusefp.o
        30          0          0          0          0         68   llshl.o
        36          0          0          0          0         68   llsshr.o
        32          0          0          0          0         68   llushr.o
        36          0          0          0          0         68   memcpya.o
        36          0          0          0          0        108   memseta.o
      2308         96          0          0          0        604   printfa.o
         0          0          0          4          0          0   stdout.o
        28          0          0          0          0         76   strcmp.o
        14          0          0          0          0         68   strlen.o
        24          0          0          0          0         76   strncpy.o
        36          0          0          0          0         80   strstr.o
       112          0          0          0          0         88   strtol.o
        44          0          0          0          0         80   uidiv.o
        98          0          0          0          0         92   uldiv.o
        48          0          0          0          0         68   cdrcmple.o
       334          0          0          0          0        148   dadd.o
       222          0          0          0          0        100   ddiv.o
       186          0          0          0          0        176   depilogue.o
        48          0          0          0          0         68   dfixul.o
       228          0          0          0          0         96   dmul.o
       176          0          0          0          0        140   fadd.o
       124          0          0          0          0         88   fdiv.o
       110          0          0          0          0        168   fepilogue.o
        50          0          0          0          0         68   ffixi.o
       100          0          0          0          0         76   fmul.o

    ----------------------------------------------------------------------
      4792        122        136          8          0       3184   Library Totals
         6          0          3          0          0          0   (incl. Padding)

    ----------------------------------------------------------------------

      Code (inc. data)   RO Data    RW Data    ZI Data      Debug   Library Name

      3160        122        133          8          0       1988   mc_w.l
      1626          0          0          0          0       1196   mf_w.l

    ----------------------------------------------------------------------
      4792        122        136          8          0       3184   Library Totals

    ----------------------------------------------------------------------

==============================================================================


      Code (inc. data)   RO Data    RW Data    ZI Data      Debug   

     49416        236       7052         52      14052     293218   Grand Totals
     49416        236       7052         52      14052     293218   ELF Image Totals
     49416        236       7052         52          0          0   ROM Totals

==============================================================================

    Total RO  Size (Code + RO Data)                56468 (  55.14kB)
    Total RW  Size (RW Data + ZI Data)             14104 (  13.77kB)
    Total ROM Size (Code + RO Data + RW Data)      56520 (  55.20kB)

==============================================================================

